../Core/Src/main.c:191:6:check_button	8	static
../Core/Src/main.c:207:5:main	24	static
../Core/Src/main.c:456:6:SystemClock_Config	120	static
../Core/Src/main.c:517:13:MX_ETH_Init	8	static
../Core/Src/main.c:566:13:MX_FDCAN1_Init	8	static
../Core/Src/main.c:619:13:MX_USART3_UART_Init	8	static
../Core/Src/main.c:666:13:MX_USB_OTG_FS_PCD_Init	8	static
../Core/Src/main.c:702:13:MX_GPIO_Init	56	static
../Core/Src/main.c:760:6:HAL_FDCAN_RxFifo0Callback	16	static
../Core/Src/main.c:784:1:__io_putchar	16	static
../Core/Src/main.c:793:1:__io_getchar	16	static
../Core/Src/main.c:808:6:HAL_UART_RxCpltCallback	24	static
../Core/Src/main.c:825:6:StartCommandHandler	24	static
../Core/Src/main.c:897:6:StartTask1	16	static
../Core/Src/main.c:916:6:StartTask2	24	static
../Core/Src/main.c:950:6:StartCommandIdle	16	static
../Core/Src/main.c:968:6:StartTask3	24	static
../Core/Src/main.c:1000:6:StartThreadTerminator	16	static
../Core/Src/main.c:1022:6:HAL_TIM_PeriodElapsedCallback	16	static
../Core/Src/main.c:1039:6:Error_Handler	8	static,ignoring_inline_asm
