Archive member included to satisfy reference by file (symbol)

/Applications/STM32CubeIDE.app/Contents/Eclipse/plugins/com.st.stm32cube.ide.mcu.externaltools.gnu-tools-for-stm32.10.3-2021.10.macos64_1.0.100.202210260954/tools/bin/../lib/gcc/arm-none-eabi/10.3.1/../../../../arm-none-eabi/lib/thumb/v7e-m+dp/hard/libc_nano.a(lib_a-errno.o)
                              ./Core/Src/syscalls.o (__errno)
/Applications/STM32CubeIDE.app/Contents/Eclipse/plugins/com.st.stm32cube.ide.mcu.externaltools.gnu-tools-for-stm32.10.3-2021.10.macos64_1.0.100.202210260954/tools/bin/../lib/gcc/arm-none-eabi/10.3.1/../../../../arm-none-eabi/lib/thumb/v7e-m+dp/hard/libc_nano.a(lib_a-exit.o)
                              /Applications/STM32CubeIDE.app/Contents/Eclipse/plugins/com.st.stm32cube.ide.mcu.externaltools.gnu-tools-for-stm32.10.3-2021.10.macos64_1.0.100.202210260954/tools/bin/../lib/gcc/arm-none-eabi/10.3.1/../../../../arm-none-eabi/lib/thumb/v7e-m+dp/hard/crt0.o (exit)
/Applications/STM32CubeIDE.app/Contents/Eclipse/plugins/com.st.stm32cube.ide.mcu.externaltools.gnu-tools-for-stm32.10.3-2021.10.macos64_1.0.100.202210260954/tools/bin/../lib/gcc/arm-none-eabi/10.3.1/../../../../arm-none-eabi/lib/thumb/v7e-m+dp/hard/libc_nano.a(lib_a-findfp.o)
                              ./Middlewares/Third_Party/FreeRTOS/Source/tasks.o (__sf_fake_stderr)
/Applications/STM32CubeIDE.app/Contents/Eclipse/plugins/com.st.stm32cube.ide.mcu.externaltools.gnu-tools-for-stm32.10.3-2021.10.macos64_1.0.100.202210260954/tools/bin/../lib/gcc/arm-none-eabi/10.3.1/../../../../arm-none-eabi/lib/thumb/v7e-m+dp/hard/libc_nano.a(lib_a-fwalk.o)
                              /Applications/STM32CubeIDE.app/Contents/Eclipse/plugins/com.st.stm32cube.ide.mcu.externaltools.gnu-tools-for-stm32.10.3-2021.10.macos64_1.0.100.202210260954/tools/bin/../lib/gcc/arm-none-eabi/10.3.1/../../../../arm-none-eabi/lib/thumb/v7e-m+dp/hard/libc_nano.a(lib_a-findfp.o) (_fwalk)
/Applications/STM32CubeIDE.app/Contents/Eclipse/plugins/com.st.stm32cube.ide.mcu.externaltools.gnu-tools-for-stm32.10.3-2021.10.macos64_1.0.100.202210260954/tools/bin/../lib/gcc/arm-none-eabi/10.3.1/../../../../arm-none-eabi/lib/thumb/v7e-m+dp/hard/libc_nano.a(lib_a-impure.o)
                              /Applications/STM32CubeIDE.app/Contents/Eclipse/plugins/com.st.stm32cube.ide.mcu.externaltools.gnu-tools-for-stm32.10.3-2021.10.macos64_1.0.100.202210260954/tools/bin/../lib/gcc/arm-none-eabi/10.3.1/../../../../arm-none-eabi/lib/thumb/v7e-m+dp/hard/libc_nano.a(lib_a-exit.o) (_global_impure_ptr)
/Applications/STM32CubeIDE.app/Contents/Eclipse/plugins/com.st.stm32cube.ide.mcu.externaltools.gnu-tools-for-stm32.10.3-2021.10.macos64_1.0.100.202210260954/tools/bin/../lib/gcc/arm-none-eabi/10.3.1/../../../../arm-none-eabi/lib/thumb/v7e-m+dp/hard/libc_nano.a(lib_a-init.o)
                              /Applications/STM32CubeIDE.app/Contents/Eclipse/plugins/com.st.stm32cube.ide.mcu.externaltools.gnu-tools-for-stm32.10.3-2021.10.macos64_1.0.100.202210260954/tools/bin/../lib/gcc/arm-none-eabi/10.3.1/../../../../arm-none-eabi/lib/thumb/v7e-m+dp/hard/crt0.o (__libc_init_array)
/Applications/STM32CubeIDE.app/Contents/Eclipse/plugins/com.st.stm32cube.ide.mcu.externaltools.gnu-tools-for-stm32.10.3-2021.10.macos64_1.0.100.202210260954/tools/bin/../lib/gcc/arm-none-eabi/10.3.1/../../../../arm-none-eabi/lib/thumb/v7e-m+dp/hard/libc_nano.a(lib_a-lock.o)
                              /Applications/STM32CubeIDE.app/Contents/Eclipse/plugins/com.st.stm32cube.ide.mcu.externaltools.gnu-tools-for-stm32.10.3-2021.10.macos64_1.0.100.202210260954/tools/bin/../lib/gcc/arm-none-eabi/10.3.1/../../../../arm-none-eabi/lib/thumb/v7e-m+dp/hard/libc_nano.a(lib_a-findfp.o) (__retarget_lock_init_recursive)
/Applications/STM32CubeIDE.app/Contents/Eclipse/plugins/com.st.stm32cube.ide.mcu.externaltools.gnu-tools-for-stm32.10.3-2021.10.macos64_1.0.100.202210260954/tools/bin/../lib/gcc/arm-none-eabi/10.3.1/../../../../arm-none-eabi/lib/thumb/v7e-m+dp/hard/libc_nano.a(lib_a-memcpy-stub.o)
                              ./Drivers/STM32H7xx_HAL_Driver/Src/stm32h7xx_hal_fdcan.o (memcpy)
/Applications/STM32CubeIDE.app/Contents/Eclipse/plugins/com.st.stm32cube.ide.mcu.externaltools.gnu-tools-for-stm32.10.3-2021.10.macos64_1.0.100.202210260954/tools/bin/../lib/gcc/arm-none-eabi/10.3.1/../../../../arm-none-eabi/lib/thumb/v7e-m+dp/hard/libc_nano.a(lib_a-memset.o)
                              /Applications/STM32CubeIDE.app/Contents/Eclipse/plugins/com.st.stm32cube.ide.mcu.externaltools.gnu-tools-for-stm32.10.3-2021.10.macos64_1.0.100.202210260954/tools/bin/../lib/gcc/arm-none-eabi/10.3.1/../../../../arm-none-eabi/lib/thumb/v7e-m+dp/hard/crt0.o (memset)
/Applications/STM32CubeIDE.app/Contents/Eclipse/plugins/com.st.stm32cube.ide.mcu.externaltools.gnu-tools-for-stm32.10.3-2021.10.macos64_1.0.100.202210260954/tools/bin/../lib/gcc/arm-none-eabi/10.3.1/../../../../arm-none-eabi/lib/thumb/v7e-m+dp/hard/libc_nano.a(lib_a-nano-mallocr.o)
[...]
Memory Configuration

Name             Origin             Length             Attributes
FLASH            0x0000000008000000 0x0000000000200000 xr
DTCMRAM          0x0000000020000000 0x0000000000020000 xrw
RAM_D1           0x0000000024000000 0x0000000000080000 xrw
RAM_D2           0x0000000030000000 0x0000000000048000 xrw
RAM_D3           0x0000000038000000 0x0000000000010000 xrw
ITCMRAM          0x0000000000000000 0x0000000000010000 xrw
*default*        0x0000000000000000 0xffffffffffffffff

Linker script and memory map

LOAD /Applications/STM32CubeIDE.app/Contents/Eclipse/plugins/com.st.stm32cube.ide.mcu.externaltools.gnu-tools-for-stm32.10.3-2021.10.macos64_1.0.100.202210260954/tools/bin/../lib/gcc/arm-none-eabi/10.3.1/thumb/v7e-m+dp/hard/crti.o
LOAD /Applications/STM32CubeIDE.app/Contents/Eclipse/plugins/com.st.stm32cube.ide.mcu.externaltools.gnu-tools-for-stm32.10.3-2021.10.macos64_1.0.100.202210260954/tools/bin/../lib/gcc/arm-none-eabi/10.3.1/thumb/v7e-m+dp/hard/crtbegin.o
LOAD /Applications/STM32CubeIDE.app/Contents/Eclipse/plugins/com.st.stm32cube.ide.mcu.externaltools.gnu-tools-for-stm32.10.3-2021.10.macos64_1.0.100.202210260954/tools/bin/../lib/gcc/arm-none-eabi/10.3.1/../../../../arm-none-eabi/lib/thumb/v7e-m+dp/hard/crt0.o
LOAD ./Core/Src/freertos.o
LOAD ./Core/Src/main.o
LOAD ./Core/Src/stm32h7xx_hal_msp.o
LOAD ./Core/Src/stm32h7xx_hal_timebase_tim.o
LOAD ./Core/Src/stm32h7xx_it.o
LOAD ./Core/Src/syscalls.o
LOAD ./Core/Src/sysmem.o
LOAD ./Core/Src/system_stm32h7xx.o
LOAD ./Core/Startup/startup_stm32h743zitx.o
LOAD ./Drivers/STM32H7xx_HAL_Driver/Src/stm32h7xx_hal.o
LOAD ./Drivers/STM32H7xx_HAL_Driver/Src/stm32h7xx_hal_cortex.o
LOAD ./Drivers/STM32H7xx_HAL_Driver/Src/stm32h7xx_hal_dma.o
LOAD ./Drivers/STM32H7xx_HAL_Driver/Src/stm32h7xx_hal_dma_ex.o
LOAD ./Drivers/STM32H7xx_HAL_Driver/Src/stm32h7xx_hal_eth.o
LOAD ./Drivers/STM32H7xx_HAL_Driver/Src/stm32h7xx_hal_eth_ex.o
LOAD ./Drivers/STM32H7xx_HAL_Driver/Src/stm32h7xx_hal_exti.o
LOAD ./Drivers/STM32H7xx_HAL_Driver/Src/stm32h7xx_hal_fdcan.o
LOAD ./Drivers/STM32H7xx_HAL_Driver/Src/stm32h7xx_hal_flash.o
LOAD ./Drivers/STM32H7xx_HAL_Driver/Src/stm32h7xx_hal_flash_ex.o
LOAD ./Drivers/STM32H7xx_HAL_Driver/Src/stm32h7xx_hal_gpio.o
LOAD ./Drivers/STM32H7xx_HAL_Driver/Src/stm32h7xx_hal_hsem.o
LOAD ./Drivers/STM32H7xx_HAL_Driver/Src/stm32h7xx_hal_i2c.o
LOAD ./Drivers/STM32H7xx_HAL_Driver/Src/stm32h7xx_hal_i2c_ex.o
LOAD ./Drivers/STM32H7xx_HAL_Driver/Src/stm32h7xx_hal_mdma.o
LOAD ./Drivers/STM32H7xx_HAL_Driver/Src/stm32h7xx_hal_pcd.o
LOAD ./Drivers/STM32H7xx_HAL_Driver/Src/stm32h7xx_hal_pcd_ex.o
LOAD ./Drivers/STM32H7xx_HAL_Driver/Src/stm32h7xx_hal_pwr.o
LOAD ./Drivers/STM32H7xx_HAL_Driver/Src/stm32h7xx_hal_pwr_ex.o
LOAD ./Drivers/STM32H7xx_HAL_Driver/Src/stm32h7xx_hal_rcc.o
LOAD ./Drivers/STM32H7xx_HAL_Driver/Src/stm32h7xx_hal_rcc_ex.o
LOAD ./Drivers/STM32H7xx_HAL_Driver/Src/stm32h7xx_hal_tim.o
LOAD ./Drivers/STM32H7xx_HAL_Driver/Src/stm32h7xx_hal_tim_ex.o
LOAD ./Drivers/STM32H7xx_HAL_Driver/Src/stm32h7xx_hal_uart.o
LOAD ./Drivers/STM32H7xx_HAL_Driver/Src/stm32h7xx_hal_uart_ex.o
LOAD ./Drivers/STM32H7xx_HAL_Driver/Src/stm32h7xx_ll_usb.o
LOAD ./Middlewares/Third_Party/FreeRTOS/Source/CMSIS_RTOS_V2/cmsis_os2.o
LOAD ./Middlewares/Third_Party/FreeRTOS/Source/croutine.o
LOAD ./Middlewares/Third_Party/FreeRTOS/Source/event_groups.o
LOAD ./Middlewares/Third_Party/FreeRTOS/Source/list.o
LOAD ./Middlewares/Third_Party/FreeRTOS/Source/queue.o
LOAD ./Middlewares/Third_Party/FreeRTOS/Source/stream_buffer.o
LOAD ./Middlewares/Third_Party/FreeRTOS/Source/tasks.o
LOAD ./Middlewares/Third_Party/FreeRTOS/Source/timers.o
LOAD ./Middlewares/Third_Party/FreeRTOS/Source/portable/GCC/ARM_CM4F/port.o
LOAD ./Middlewares/Third_Party/FreeRTOS/Source/portable/MemMang/heap_4.o
START GROUP
LOAD /Applications/STM32CubeIDE.app/Contents/Eclipse/plugins/com.st.stm32cube.ide.mcu.externaltools.gnu-tools-for-stm32.10.3-2021.10.macos64_1.0.100.202210260954/tools/bin/../lib/gcc/arm-none-eabi/10.3.1/../../../../arm-none-eabi/lib/thumb/v7e-m+dp/hard/libc_nano.a
LOAD /Applications/STM32CubeIDE.app/Contents/Eclipse/plugins/com.st.stm32cube.ide.mcu.externaltools.gnu-tools-for-stm32.10.3-2021.10.macos64_1.0.100.202210260954/tools/bin/../lib/gcc/arm-none-eabi/10.3.1/../../../../arm-none-eabi/lib/thumb/v7e-m+dp/hard/libm.a
END GROUP
START GROUP
LOAD /Applications/STM32CubeIDE.app/Contents/Eclipse/plugins/com.st.stm32cube.ide.mcu.externaltools.gnu-tools-for-stm32.10.3-2021.10.macos64_1.0.100.202210260954/tools/bin/../lib/gcc/arm-none-eabi/10.3.1/thumb/v7e-m+dp/hard/libgcc.a
LOAD /Applications/STM32CubeIDE.app/Contents/Eclipse/plugins/com.st.stm32cube.ide.mcu.externaltools.gnu-tools-for-stm32.10.3-2021.10.macos64_1.0.100.202210260954/tools/bin/../lib/gcc/arm-none-eabi/10.3.1/../../../../arm-none-eabi/lib/thumb/v7e-m+dp/hard/libc_nano.a
END GROUP
START GROUP
LOAD /Applications/STM32CubeIDE.app/Contents/Eclipse/plugins/com.st.stm32cube.ide.mcu.externaltools.gnu-tools-for-stm32.10.3-2021.10.macos64_1.0.100.202210260954/tools/bin/../lib/gcc/arm-none-eabi/10.3.1/thumb/v7e-m+dp/hard/libgcc.a
LOAD /Applications/STM32CubeIDE.app/Contents/Eclipse/plugins/com.st.stm32cube.ide.mcu.externaltools.gnu-tools-for-stm32.10.3-2021.10.macos64_1.0.100.202210260954/tools/bin/../lib/gcc/arm-none-eabi/10.3.1/../../../../arm-none-eabi/lib/thumb/v7e-m+dp/hard/libc_nano.a
LOAD /Applications/STM32CubeIDE.app/Contents/Eclipse/plugins/com.st.stm32cube.ide.mcu.externaltools.gnu-tools-for-stm32.10.3-2021.10.macos64_1.0.100.202210260954/tools/bin/../lib/gcc/arm-none-eabi/10.3.1/../../../../arm-none-eabi/lib/thumb/v7e-m+dp/hard/libnosys.a
END GROUP
START GROUP
LOAD /Applications/STM32CubeIDE.app/Contents/Eclipse/plugins/com.st.stm32cube.ide.mcu.externaltools.gnu-tools-for-stm32.10.3-2021.10.macos64_1.0.100.202210260954/tools/bin/../lib/gcc/arm-none-eabi/10.3.1/thumb/v7e-m+dp/hard/libgcc.a
LOAD /Applications/STM32CubeIDE.app/Contents/Eclipse/plugins/com.st.stm32cube.ide.mcu.externaltools.gnu-tools-for-stm32.10.3-2021.10.macos64_1.0.100.202210260954/tools/bin/../lib/gcc/arm-none-eabi/10.3.1/../../../../arm-none-eabi/lib/thumb/v7e-m+dp/hard/libc_nano.a
LOAD /Applications/STM32CubeIDE.app/Contents/Eclipse/plugins/com.st.stm32cube.ide.mcu.externaltools.gnu-tools-for-stm32.10.3-2021.10.macos64_1.0.100.202210260954/tools/bin/../lib/gcc/arm-none-eabi/10.3.1/../../../../arm-none-eabi/lib/thumb/v7e-m+dp/hard/libnosys.a
END GROUP
LOAD /Applications/STM32CubeIDE.app/Contents/Eclipse/plugins/com.st.stm32cube.ide.mcu.externaltools.gnu-tools-for-stm32.10.3-2021.10.macos64_1.0.100.202210260954/tools/bin/../lib/gcc/arm-none-eabi/10.3.1/thumb/v7e-m+dp/hard/crtend.o
LOAD /Applications/STM32CubeIDE.app/Contents/Eclipse/plugins/com.st.stm32cube.ide.mcu.externaltools.gnu-tools-for-stm32.10.3-2021.10.macos64_1.0.100.202210260954/tools/bin/../lib/gcc/arm-none-eabi/10.3.1/thumb/v7e-m+dp/hard/crtn.o
                0x0000000024080000                _estack = (ORIGIN (RAM_D1) + LENGTH (RAM_D1))
                0x0000000000000200                _Min_Heap_Size = 0x200
                0x0000000000000400                _Min_Stack_Size = 0x400

.isr_vector     0x0000000008000000      0x298
                0x0000000008000000                . = ALIGN (0x4)
 *(.isr_vector)
 .isr_vector    0x0000000008000000      0x298 ./Core/Startup/startup_stm32h743zitx.o
                0x0000000008000000                g_pfnVectors
                0x0000000008000298                . = ALIGN (0x4)

.text           0x00000000080002a0     0xf6bc
                0x00000000080002a0                . = ALIGN (0x4)
 *(.text)
 .text          0x00000000080002a0       0x40 /Applications/STM32CubeIDE.app/Contents/Eclipse/plugins/com.st.stm32cube.ide.mcu.externaltools.gnu-tools-for-stm32.10.3-2021.10.macos64_1.0.100.202210260954/tools/bin/../lib/gcc/arm-none-eabi/10.3.1/thumb/v7e-m+dp/hard/crtbegin.o
 .text          0x00000000080002e0       0xa0 /Applications/STM32CubeIDE.app/Contents/Eclipse/plugins/com.st.stm32cube.ide.mcu.externaltools.gnu-tools-for-stm32.10.3-2021.10.macos64_1.0.100.202210260954/tools/bin/../lib/gcc/arm-none-eabi/10.3.1/../../../../arm-none-eabi/lib/thumb/v7e-m+dp/hard/libc_nano.a(lib_a-memchr.o)
                0x00000000080002e0                memchr
 .text          0x0000000008000380       0x30 /Applications/STM32CubeIDE.app/Contents/Eclipse/plugins/com.st.stm32cube.ide.mcu.externaltools.gnu-tools-for-stm32.10.3-2021.10.macos64_1.0.100.202210260954/tools/bin/../lib/gcc/arm-none-eabi/10.3.1/thumb/v7e-m+dp/hard/libgcc.a(_aeabi_uldivmod.o)
                0x0000000008000380                __aeabi_uldivmod
 .text          0x00000000080003b0      0x2d0 /Applications/STM32CubeIDE.app/Contents/Eclipse/plugins/com.st.stm32cube.ide.mcu.externaltools.gnu-tools-for-stm32.10.3-2021.10.macos64_1.0.100.202210260954/tools/bin/../lib/gcc/arm-none-eabi/10.3.1/thumb/v7e-m+dp/hard/libgcc.a(_udivmoddi4.o)
                0x00000000080003b0                __udivmoddi4
 .text          0x0000000008000680        0x4 /Applications/STM32CubeIDE.app/Contents/Eclipse/plugins/com.st.stm32cube.ide.mcu.externaltools.gnu-tools-for-stm32.10.3-2021.10.macos64_1.0.100.202210260954/tools/bin/../lib/gcc/arm-none-eabi/10.3.1/thumb/v7e-m+dp/hard/libgcc.a(_dvmd_tls.o)
                0x0000000008000680                __aeabi_ldiv0
                0x0000000008000680                __aeabi_idiv0
 *(.text*)
 .text.check_button
                0x0000000008000684       0x50 ./Core/Src/main.o
                0x0000000008000684                check_button
 .text.main     0x00000000080006d4      0x358 ./Core/Src/main.o
                0x00000000080006d4                main
 .text.SystemClock_Config
                0x0000000008000a2c      0x100 ./Core/Src/main.o
                0x0000000008000a2c                SystemClock_Config
 .text.MX_ETH_Init
                0x0000000008000b2c       0x98 ./Core/Src/main.o
 .text.MX_FDCAN1_Init
                0x0000000008000bc4       0xc8 ./Core/Src/main.o
 .text.MX_USART3_UART_Init
                0x0000000008000c8c       0x98 ./Core/Src/main.o
 .text.MX_USB_OTG_FS_PCD_Init
                0x0000000008000d24       0x64 ./Core/Src/main.o
 .text.MX_GPIO_Init
                0x0000000008000d88      0x1b8 ./Core/Src/main.o
 .text.HAL_FDCAN_RxFifo0Callback
                0x0000000008000f40       0x74 ./Core/Src/main.o
                0x0000000008000f40                HAL_FDCAN_RxFifo0Callback
 .text.__io_putchar
                0x0000000008000fb4       0x24 ./Core/Src/main.o
                0x0000000008000fb4                __io_putchar
 .text.__io_getchar
                0x0000000008000fd8       0x3c ./Core/Src/main.o
                0x0000000008000fd8                __io_getchar
 .text.HAL_UART_RxCpltCallback
                0x0000000008001014       0x4c ./Core/Src/main.o
                0x0000000008001014                HAL_UART_RxCpltCallback
 .text.StartCommandHandler
                0x0000000008001060      0x13c ./Core/Src/main.o
                0x0000000008001060                StartCommandHandler
 .text.StartTask1
                0x000000000800119c       0x1c ./Core/Src/main.o
                0x000000000800119c                StartTask1
 .text.StartTask2
                0x00000000080011b8       0xac ./Core/Src/main.o
                0x00000000080011b8                StartTask2
 .text.StartCommandIdle
                0x0000000008001264        0xa ./Core/Src/main.o
                0x0000000008001264                StartCommandIdle
 *fill*         0x000000000800126e        0x2 
 .text.StartTask3
                0x0000000008001270       0xac ./Core/Src/main.o
                0x0000000008001270                StartTask3
 .text.StartThreadTerminator
                0x000000000800131c       0x34 ./Core/Src/main.o
                0x000000000800131c                StartThreadTerminator
 .text.HAL_TIM_PeriodElapsedCallback
                0x0000000008001350       0x24 ./Core/Src/main.o
                0x0000000008001350                HAL_TIM_PeriodElapsedCallback
 .text.Error_Handler
                0x0000000008001374       0x38 ./Core/Src/main.o
                0x0000000008001374                Error_Handler
 .text.HAL_MspInit
                0x00000000080013ac       0x3c ./Core/Src/stm32h7xx_hal_msp.o
                0x00000000080013ac                HAL_MspInit
 .text.HAL_ETH_MspInit
                0x00000000080013e8      0x19c ./Core/Src/stm32h7xx_hal_msp.o
                0x00000000080013e8                HAL_ETH_MspInit
 .text.HAL_FDCAN_MspInit
                0x0000000008001584       0xdc ./Core/Src/stm32h7xx_hal_msp.o
                0x0000000008001584                HAL_FDCAN_MspInit
 .text.HAL_UART_MspInit
                0x0000000008001660       0xdc ./Core/Src/stm32h7xx_hal_msp.o
                0x0000000008001660                HAL_UART_MspInit
 .text.HAL_PCD_MspInit
                0x000000000800173c       0xf4 ./Core/Src/stm32h7xx_hal_msp.o
                0x000000000800173c                HAL_PCD_MspInit
 .text.HAL_InitTick
                0x0000000008001830       0xd8 ./Core/Src/stm32h7xx_hal_timebase_tim.o
                0x0000000008001830                HAL_InitTick
 .text.NMI_Handler
                0x0000000008001908        0x6 ./Core/Src/stm32h7xx_it.o
                0x0000000008001908                NMI_Handler
 .text.HardFault_Handler
                0x000000000800190e        0x6 ./Core/Src/stm32h7xx_it.o
                0x000000000800190e                HardFault_Handler
 .text.MemManage_Handler
                0x0000000008001914        0x6 ./Core/Src/stm32h7xx_it.o
                0x0000000008001914                MemManage_Handler
 .text.BusFault_Handler
                0x000000000800191a        0x6 ./Core/Src/stm32h7xx_it.o
                0x000000000800191a                BusFault_Handler
 .text.UsageFault_Handler
                0x0000000008001920        0x6 ./Core/Src/stm32h7xx_it.o
                0x0000000008001920                UsageFault_Handler
 .text.DebugMon_Handler
                0x0000000008001926        0xe ./Core/Src/stm32h7xx_it.o
                0x0000000008001926                DebugMon_Handler
 .text.FDCAN1_IT0_IRQHandler
                0x0000000008001934       0x14 ./Core/Src/stm32h7xx_it.o
                0x0000000008001934                FDCAN1_IT0_IRQHandler
 .text.USART3_IRQHandler
                0x0000000008001948       0x28 ./Core/Src/stm32h7xx_it.o
                0x0000000008001948                USART3_IRQHandler
 .text.TIM6_DAC_IRQHandler
                0x0000000008001970       0x14 ./Core/Src/stm32h7xx_it.o
                0x0000000008001970                TIM6_DAC_IRQHandler
 .text._getpid  0x0000000008001984       0x10 ./Core/Src/syscalls.o
                0x0000000008001984                _getpid
 .text._kill    0x0000000008001994       0x20 ./Core/Src/syscalls.o
                0x0000000008001994                _kill
 .text._exit    0x00000000080019b4       0x14 ./Core/Src/syscalls.o
                0x00000000080019b4                _exit
 .text._read    0x00000000080019c8       0x3a ./Core/Src/syscalls.o
                0x00000000080019c8                _read
 .text._write   0x0000000008001a02       0x38 ./Core/Src/syscalls.o
                0x0000000008001a02                _write
 .text._close   0x0000000008001a3a       0x18 ./Core/Src/syscalls.o
                0x0000000008001a3a                _close
 .text._fstat   0x0000000008001a52       0x20 ./Core/Src/syscalls.o
                0x0000000008001a52                _fstat
 .text._isatty  0x0000000008001a72       0x16 ./Core/Src/syscalls.o
                0x0000000008001a72                _isatty
 .text._lseek   0x0000000008001a88       0x1a ./Core/Src/syscalls.o
                0x0000000008001a88                _lseek
 *fill*         0x0000000008001aa2        0x2 
 .text._sbrk    0x0000000008001aa4       0x6c ./Core/Src/sysmem.o
                0x0000000008001aa4                _sbrk
 .text.SystemInit
                0x0000000008001b10      0x110 ./Core/Src/system_stm32h7xx.o
                0x0000000008001b10                SystemInit
 .text.Reset_Handler
                0x0000000008001c20       0x50 ./Core/Startup/startup_stm32h743zitx.o
                0x0000000008001c20                Reset_Handler
 .text.Default_Handler
                0x0000000008001c70        0x2 ./Core/Startup/startup_stm32h743zitx.o
                0x0000000008001c70                DMA1_Stream3_IRQHandler
                0x0000000008001c70                EXTI2_IRQHandler
                0x0000000008001c70                TIM8_CC_IRQHandler
                0x0000000008001c70                HRTIM1_Master_IRQHandler
                0x0000000008001c70                UART8_IRQHandler
                0x0000000008001c70                SPI4_IRQHandler
                0x0000000008001c70                TIM1_CC_IRQHandler
                0x0000000008001c70                BDMA_Channel6_IRQHandler
                0x0000000008001c70                DMA2_Stream5_IRQHandler
                0x0000000008001c70                HRTIM1_FLT_IRQHandler
                0x0000000008001c70                JPEG_IRQHandler
                0x0000000008001c70                DMA1_Stream5_IRQHandler
                0x0000000008001c70                BDMA_Channel1_IRQHandler
                0x0000000008001c70                HRTIM1_TIMD_IRQHandler
                0x0000000008001c70                TAMP_STAMP_IRQHandler
                0x0000000008001c70                EXTI3_IRQHandler
                0x0000000008001c70                LPTIM4_IRQHandler
                0x0000000008001c70                TIM8_TRG_COM_TIM14_IRQHandler
                0x0000000008001c70                LPTIM2_IRQHandler
                0x0000000008001c70                DFSDM1_FLT1_IRQHandler
                0x0000000008001c70                DMAMUX2_OVR_IRQHandler
                0x0000000008001c70                TIM8_UP_TIM13_IRQHandler
                0x0000000008001c70                I2C3_ER_IRQHandler
                0x0000000008001c70                DFSDM1_FLT2_IRQHandler
                0x0000000008001c70                MDMA_IRQHandler
                0x0000000008001c70                LPTIM3_IRQHandler
                0x0000000008001c70                HSEM1_IRQHandler
                0x0000000008001c70                EXTI0_IRQHandler
                0x0000000008001c70                I2C2_EV_IRQHandler
                0x0000000008001c70                DMA1_Stream2_IRQHandler
                0x0000000008001c70                FPU_IRQHandler
                0x0000000008001c70                OTG_HS_WKUP_IRQHandler
                0x0000000008001c70                FDCAN1_IT1_IRQHandler
                0x0000000008001c70                LTDC_ER_IRQHandler
                0x0000000008001c70                DMA2_Stream2_IRQHandler
                0x0000000008001c70                HRTIM1_TIME_IRQHandler
                0x0000000008001c70                SPI1_IRQHandler
                0x0000000008001c70                DCMI_IRQHandler
                0x0000000008001c70                HRTIM1_TIMC_IRQHandler
                0x0000000008001c70                DMA2_Stream3_IRQHandler
                0x0000000008001c70                SAI2_IRQHandler
                0x0000000008001c70                DFSDM1_FLT3_IRQHandler
                0x0000000008001c70                USART6_IRQHandler
                0x0000000008001c70                TIM17_IRQHandler
                0x0000000008001c70                BDMA_Channel7_IRQHandler
                0x0000000008001c70                LPTIM5_IRQHandler
                0x0000000008001c70                UART5_IRQHandler
                0x0000000008001c70                ADC3_IRQHandler
                0x0000000008001c70                DMA2_Stream0_IRQHandler
                0x0000000008001c70                TIM4_IRQHandler
                0x0000000008001c70                BDMA_Channel2_IRQHandler
                0x0000000008001c70                QUADSPI_IRQHandler
                0x0000000008001c70                I2C1_EV_IRQHandler
                0x0000000008001c70                DMA1_Stream6_IRQHandler
                0x0000000008001c70                DMAMUX1_OVR_IRQHandler
                0x0000000008001c70                DMA1_Stream1_IRQHandler
                0x0000000008001c70                TIM16_IRQHandler
                0x0000000008001c70                UART4_IRQHandler
                0x0000000008001c70                BDMA_Channel5_IRQHandler
                0x0000000008001c70                TIM3_IRQHandler
                0x0000000008001c70                RCC_IRQHandler
                0x0000000008001c70                TIM8_BRK_TIM12_IRQHandler
                0x0000000008001c70                TIM1_TRG_COM_IRQHandler
                0x0000000008001c70                Default_Handler
                0x0000000008001c70                ECC_IRQHandler
                0x0000000008001c70                CEC_IRQHandler
                0x0000000008001c70                EXTI15_10_IRQHandler
                0x0000000008001c70                BDMA_Channel0_IRQHandler
                0x0000000008001c70                ADC_IRQHandler
                0x0000000008001c70                DMA1_Stream7_IRQHandler
                0x0000000008001c70                HRTIM1_TIMA_IRQHandler
                0x0000000008001c70                SPI5_IRQHandler
                0x0000000008001c70                TIM7_IRQHandler
                0x0000000008001c70                SDMMC1_IRQHandler
                0x0000000008001c70                TIM5_IRQHandler
                0x0000000008001c70                DMA2_Stream7_IRQHandler
                0x0000000008001c70                TIM15_IRQHandler
                0x0000000008001c70                PVD_AVD_IRQHandler
                0x0000000008001c70                I2C3_EV_IRQHandler
                0x0000000008001c70                EXTI9_5_IRQHandler
                0x0000000008001c70                RTC_WKUP_IRQHandler
                0x0000000008001c70                LTDC_IRQHandler
                0x0000000008001c70                SAI3_IRQHandler
                0x0000000008001c70                ETH_WKUP_IRQHandler
                0x0000000008001c70                SPDIF_RX_IRQHandler
                0x0000000008001c70                SPI2_IRQHandler
                0x0000000008001c70                OTG_HS_EP1_IN_IRQHandler
                0x0000000008001c70                DMA1_Stream0_IRQHandler
                0x0000000008001c70                CRS_IRQHandler
                0x0000000008001c70                EXTI4_IRQHandler
                0x0000000008001c70                RNG_IRQHandler
                0x0000000008001c70                HRTIM1_TIMB_IRQHandler
                0x0000000008001c70                FDCAN2_IT1_IRQHandler
                0x0000000008001c70                ETH_IRQHandler
                0x0000000008001c70                TIM1_UP_IRQHandler
                0x0000000008001c70                BDMA_Channel4_IRQHandler
                0x0000000008001c70                OTG_HS_EP1_OUT_IRQHandler
                0x0000000008001c70                WWDG_IRQHandler
                0x0000000008001c70                SPI6_IRQHandler
                0x0000000008001c70                MDIOS_IRQHandler
                0x0000000008001c70                I2C4_EV_IRQHandler
                0x0000000008001c70                FDCAN2_IT0_IRQHandler
                0x0000000008001c70                LPUART1_IRQHandler
                0x0000000008001c70                TIM2_IRQHandler
                0x0000000008001c70                OTG_FS_WKUP_IRQHandler
                0x0000000008001c70                OTG_HS_IRQHandler
                0x0000000008001c70                DMA2D_IRQHandler
                0x0000000008001c70                TIM1_BRK_IRQHandler
                0x0000000008001c70                EXTI1_IRQHandler
                0x0000000008001c70                SDMMC2_IRQHandler
                0x0000000008001c70                OTG_FS_EP1_OUT_IRQHandler
                0x0000000008001c70                BDMA_Channel3_IRQHandler
                0x0000000008001c70                UART7_IRQHandler
                0x0000000008001c70                MDIOS_WKUP_IRQHandler
                0x0000000008001c70                USART2_IRQHandler
                0x0000000008001c70                DFSDM1_FLT0_IRQHandler
                0x0000000008001c70                SAI4_IRQHandler
                0x0000000008001c70                I2C2_ER_IRQHandler
                0x0000000008001c70                DMA2_Stream1_IRQHandler
                0x0000000008001c70                FLASH_IRQHandler
                0x0000000008001c70                DMA2_Stream4_IRQHandler
                0x0000000008001c70                USART1_IRQHandler
                0x0000000008001c70                OTG_FS_IRQHandler
                0x0000000008001c70                SPI3_IRQHandler
                0x0000000008001c70                WAKEUP_PIN_IRQHandler
                0x0000000008001c70                DMA1_Stream4_IRQHandler
                0x0000000008001c70                OTG_FS_EP1_IN_IRQHandler
                0x0000000008001c70                I2C1_ER_IRQHandler
                0x0000000008001c70                FMC_IRQHandler
                0x0000000008001c70                FDCAN_CAL_IRQHandler
                0x0000000008001c70                SWPMI1_IRQHandler
                0x0000000008001c70                COMP1_IRQHandler
                0x0000000008001c70                LPTIM1_IRQHandler
                0x0000000008001c70                I2C4_ER_IRQHandler
                0x0000000008001c70                DMA2_Stream6_IRQHandler
                0x0000000008001c70                SAI1_IRQHandler
                0x0000000008001c70                RTC_Alarm_IRQHandler
 *fill*         0x0000000008001c72        0x2 
 .text.HAL_Init
                0x0000000008001c74       0x78 ./Drivers/STM32H7xx_HAL_Driver/Src/stm32h7xx_hal.o
                0x0000000008001c74                HAL_Init
 .text.HAL_IncTick
                0x0000000008001cec       0x28 ./Drivers/STM32H7xx_HAL_Driver/Src/stm32h7xx_hal.o
                0x0000000008001cec                HAL_IncTick
 .text.HAL_GetTick
                0x0000000008001d14       0x18 ./Drivers/STM32H7xx_HAL_Driver/Src/stm32h7xx_hal.o
                0x0000000008001d14                HAL_GetTick
 .text.HAL_Delay
                0x0000000008001d2c       0x48 ./Drivers/STM32H7xx_HAL_Driver/Src/stm32h7xx_hal.o
                0x0000000008001d2c                HAL_Delay
 .text.HAL_GetREVID
                0x0000000008001d74       0x18 ./Drivers/STM32H7xx_HAL_Driver/Src/stm32h7xx_hal.o
                0x0000000008001d74                HAL_GetREVID
 .text.HAL_SYSCFG_ETHInterfaceSelect
                0x0000000008001d8c       0x28 ./Drivers/STM32H7xx_HAL_Driver/Src/stm32h7xx_hal.o
                0x0000000008001d8c                HAL_SYSCFG_ETHInterfaceSelect
 .text.__NVIC_SetPriorityGrouping
                0x0000000008001db4       0x48 ./Drivers/STM32H7xx_HAL_Driver/Src/stm32h7xx_hal_cortex.o
 .text.__NVIC_GetPriorityGrouping
                0x0000000008001dfc       0x1c ./Drivers/STM32H7xx_HAL_Driver/Src/stm32h7xx_hal_cortex.o
 .text.__NVIC_EnableIRQ
                0x0000000008001e18       0x3c ./Drivers/STM32H7xx_HAL_Driver/Src/stm32h7xx_hal_cortex.o
 .text.__NVIC_SetPriority
                0x0000000008001e54       0x54 ./Drivers/STM32H7xx_HAL_Driver/Src/stm32h7xx_hal_cortex.o
 .text.NVIC_EncodePriority
                0x0000000008001ea8       0x66 ./Drivers/STM32H7xx_HAL_Driver/Src/stm32h7xx_hal_cortex.o
 .text.HAL_NVIC_SetPriorityGrouping
                0x0000000008001f0e       0x16 ./Drivers/STM32H7xx_HAL_Driver/Src/stm32h7xx_hal_cortex.o
                0x0000000008001f0e                HAL_NVIC_SetPriorityGrouping
 .text.HAL_NVIC_SetPriority
                0x0000000008001f24       0x34 ./Drivers/STM32H7xx_HAL_Driver/Src/stm32h7xx_hal_cortex.o
                0x0000000008001f24                HAL_NVIC_SetPriority
 .text.HAL_NVIC_EnableIRQ
                0x0000000008001f58       0x1c ./Drivers/STM32H7xx_HAL_Driver/Src/stm32h7xx_hal_cortex.o
                0x0000000008001f58                HAL_NVIC_EnableIRQ
 .text.HAL_DMA_Abort
                0x0000000008001f74      0x63c ./Drivers/STM32H7xx_HAL_Driver/Src/stm32h7xx_hal_dma.o
                0x0000000008001f74                HAL_DMA_Abort
 .text.HAL_DMA_Abort_IT
                0x00000000080025b0      0x48c ./Drivers/STM32H7xx_HAL_Driver/Src/stm32h7xx_hal_dma.o
                0x00000000080025b0                HAL_DMA_Abort_IT
 .text.HAL_ETH_Init
                0x0000000008002a3c      0x1cc ./Drivers/STM32H7xx_HAL_Driver/Src/stm32h7xx_hal_eth.o
                0x0000000008002a3c                HAL_ETH_Init
 .text.HAL_ETH_SetMDIOClockRange
                0x0000000008002c08       0xb0 ./Drivers/STM32H7xx_HAL_Driver/Src/stm32h7xx_hal_eth.o
                0x0000000008002c08                HAL_ETH_SetMDIOClockRange
 .text.ETH_SetMACConfig
                0x0000000008002cb8      0x238 ./Drivers/STM32H7xx_HAL_Driver/Src/stm32h7xx_hal_eth.o
 .text.ETH_SetDMAConfig
                0x0000000008002ef0      0x10c ./Drivers/STM32H7xx_HAL_Driver/Src/stm32h7xx_hal_eth.o
 .text.ETH_MACDMAConfig
                0x0000000008002ffc      0x13a ./Drivers/STM32H7xx_HAL_Driver/Src/stm32h7xx_hal_eth.o
 .text.ETH_DMATxDescListInit
                0x0000000008003136       0x92 ./Drivers/STM32H7xx_HAL_Driver/Src/stm32h7xx_hal_eth.o
 .text.ETH_DMARxDescListInit
                0x00000000080031c8       0xba ./Drivers/STM32H7xx_HAL_Driver/Src/stm32h7xx_hal_eth.o
 *fill*         0x0000000008003282        0x2 
 .text.HAL_FDCAN_Init
                0x0000000008003284      0x3bc ./Drivers/STM32H7xx_HAL_Driver/Src/stm32h7xx_hal_fdcan.o
                0x0000000008003284                HAL_FDCAN_Init
 .text.HAL_FDCAN_ConfigFilter
                0x0000000008003640       0xec ./Drivers/STM32H7xx_HAL_Driver/Src/stm32h7xx_hal_fdcan.o
                0x0000000008003640                HAL_FDCAN_ConfigFilter
 .text.HAL_FDCAN_ConfigGlobalFilter
                0x000000000800372c       0x5a ./Drivers/STM32H7xx_HAL_Driver/Src/stm32h7xx_hal_fdcan.o
                0x000000000800372c                HAL_FDCAN_ConfigGlobalFilter
 .text.HAL_FDCAN_ConfigFifoWatermark
                0x0000000008003786       0x98 ./Drivers/STM32H7xx_HAL_Driver/Src/stm32h7xx_hal_fdcan.o
                0x0000000008003786                HAL_FDCAN_ConfigFifoWatermark
 .text.HAL_FDCAN_Start
                0x000000000800381e       0x56 ./Drivers/STM32H7xx_HAL_Driver/Src/stm32h7xx_hal_fdcan.o
                0x000000000800381e                HAL_FDCAN_Start
 .text.HAL_FDCAN_AddMessageToTxFifoQ
                0x0000000008003874       0xb6 ./Drivers/STM32H7xx_HAL_Driver/Src/stm32h7xx_hal_fdcan.o
                0x0000000008003874                HAL_FDCAN_AddMessageToTxFifoQ
 *fill*         0x000000000800392a        0x2 
 .text.HAL_FDCAN_GetRxMessage
                0x000000000800392c      0x2dc ./Drivers/STM32H7xx_HAL_Driver/Src/stm32h7xx_hal_fdcan.o
                0x000000000800392c                HAL_FDCAN_GetRxMessage
 .text.HAL_FDCAN_ActivateNotification
                0x0000000008003c08       0xf4 ./Drivers/STM32H7xx_HAL_Driver/Src/stm32h7xx_hal_fdcan.o
                0x0000000008003c08                HAL_FDCAN_ActivateNotification
 .text.HAL_FDCAN_IRQHandler
                0x0000000008003cfc      0x4bc ./Drivers/STM32H7xx_HAL_Driver/Src/stm32h7xx_hal_fdcan.o
                0x0000000008003cfc                HAL_FDCAN_IRQHandler
 .text.HAL_FDCAN_ClockCalibrationCallback
                0x00000000080041b8       0x16 ./Drivers/STM32H7xx_HAL_Driver/Src/stm32h7xx_hal_fdcan.o
                0x00000000080041b8                HAL_FDCAN_ClockCalibrationCallback
 .text.HAL_FDCAN_TxEventFifoCallback
                0x00000000080041ce       0x16 ./Drivers/STM32H7xx_HAL_Driver/Src/stm32h7xx_hal_fdcan.o
                0x00000000080041ce                HAL_FDCAN_TxEventFifoCallback
 .text.HAL_FDCAN_RxFifo1Callback
                0x00000000080041e4       0x16 ./Drivers/STM32H7xx_HAL_Driver/Src/stm32h7xx_hal_fdcan.o
                0x00000000080041e4                HAL_FDCAN_RxFifo1Callback
 .text.HAL_FDCAN_TxFifoEmptyCallback
                0x00000000080041fa       0x14 ./Drivers/STM32H7xx_HAL_Driver/Src/stm32h7xx_hal_fdcan.o
                0x00000000080041fa                HAL_FDCAN_TxFifoEmptyCallback
 .text.HAL_FDCAN_TxBufferCompleteCallback
                0x000000000800420e       0x16 ./Drivers/STM32H7xx_HAL_Driver/Src/stm32h7xx_hal_fdcan.o
                0x000000000800420e                HAL_FDCAN_TxBufferCompleteCallback
 .text.HAL_FDCAN_TxBufferAbortCallback
                0x0000000008004224       0x16 ./Drivers/STM32H7xx_HAL_Driver/Src/stm32h7xx_hal_fdcan.o
                0x0000000008004224                HAL_FDCAN_TxBufferAbortCallback
 .text.HAL_FDCAN_RxBufferNewMessageCallback
                0x000000000800423a       0x14 ./Drivers/STM32H7xx_HAL_Driver/Src/stm32h7xx_hal_fdcan.o
                0x000000000800423a                HAL_FDCAN_RxBufferNewMessageCallback
 .text.HAL_FDCAN_TimestampWraparoundCallback
                0x000000000800424e       0x14 ./Drivers/STM32H7xx_HAL_Driver/Src/stm32h7xx_hal_fdcan.o
                0x000000000800424e                HAL_FDCAN_TimestampWraparoundCallback
 .text.HAL_FDCAN_TimeoutOccurredCallback
                0x0000000008004262       0x14 ./Drivers/STM32H7xx_HAL_Driver/Src/stm32h7xx_hal_fdcan.o
                0x0000000008004262                HAL_FDCAN_TimeoutOccurredCallback
 .text.HAL_FDCAN_HighPriorityMessageCallback
                0x0000000008004276       0x14 ./Drivers/STM32H7xx_HAL_Driver/Src/stm32h7xx_hal_fdcan.o
                0x0000000008004276                HAL_FDCAN_HighPriorityMessageCallback
 .text.HAL_FDCAN_ErrorCallback
                0x000000000800428a       0x14 ./Drivers/STM32H7xx_HAL_Driver/Src/stm32h7xx_hal_fdcan.o
                0x000000000800428a                HAL_FDCAN_ErrorCallback
 .text.HAL_FDCAN_ErrorStatusCallback
                0x000000000800429e       0x16 ./Drivers/STM32H7xx_HAL_Driver/Src/stm32h7xx_hal_fdcan.o
                0x000000000800429e                HAL_FDCAN_ErrorStatusCallback
 .text.HAL_FDCAN_TT_ScheduleSyncCallback
                0x00000000080042b4       0x16 ./Drivers/STM32H7xx_HAL_Driver/Src/stm32h7xx_hal_fdcan.o
                0x00000000080042b4                HAL_FDCAN_TT_ScheduleSyncCallback
 .text.HAL_FDCAN_TT_TimeMarkCallback
                0x00000000080042ca       0x16 ./Drivers/STM32H7xx_HAL_Driver/Src/stm32h7xx_hal_fdcan.o
                0x00000000080042ca                HAL_FDCAN_TT_TimeMarkCallback
 .text.HAL_FDCAN_TT_StopWatchCallback
                0x00000000080042e0       0x18 ./Drivers/STM32H7xx_HAL_Driver/Src/stm32h7xx_hal_fdcan.o
                0x00000000080042e0                HAL_FDCAN_TT_StopWatchCallback
 .text.HAL_FDCAN_TT_GlobalTimeCallback
                0x00000000080042f8       0x16 ./Drivers/STM32H7xx_HAL_Driver/Src/stm32h7xx_hal_fdcan.o
                0x00000000080042f8                HAL_FDCAN_TT_GlobalTimeCallback
 *fill*         0x000000000800430e        0x2 
 .text.FDCAN_CalcultateRamBlockAddresses
                0x0000000008004310      0x30c ./Drivers/STM32H7xx_HAL_Driver/Src/stm32h7xx_hal_fdcan.o
 .text.FDCAN_CopyMessageToRAM
                0x000000000800461c       0xfc ./Drivers/STM32H7xx_HAL_Driver/Src/stm32h7xx_hal_fdcan.o
 .text.HAL_GPIO_Init
                0x0000000008004718      0x360 ./Drivers/STM32H7xx_HAL_Driver/Src/stm32h7xx_hal_gpio.o
                0x0000000008004718                HAL_GPIO_Init
 .text.HAL_GPIO_ReadPin
                0x0000000008004a78       0x30 ./Drivers/STM32H7xx_HAL_Driver/Src/stm32h7xx_hal_gpio.o
                0x0000000008004a78                HAL_GPIO_ReadPin
 .text.HAL_GPIO_WritePin
                0x0000000008004aa8       0x32 ./Drivers/STM32H7xx_HAL_Driver/Src/stm32h7xx_hal_gpio.o
                0x0000000008004aa8                HAL_GPIO_WritePin
 .text.HAL_PCD_Init
                0x0000000008004ada      0x248 ./Drivers/STM32H7xx_HAL_Driver/Src/stm32h7xx_hal_pcd.o
                0x0000000008004ada                HAL_PCD_Init
 *fill*         0x0000000008004d22        0x2 
 .text.HAL_PCDEx_ActivateLPM
                0x0000000008004d24       0x48 ./Drivers/STM32H7xx_HAL_Driver/Src/stm32h7xx_hal_pcd_ex.o
                0x0000000008004d24                HAL_PCDEx_ActivateLPM
 .text.HAL_PWREx_ConfigSupply
                0x0000000008004d6c       0x74 ./Drivers/STM32H7xx_HAL_Driver/Src/stm32h7xx_hal_pwr_ex.o
                0x0000000008004d6c                HAL_PWREx_ConfigSupply
 .text.HAL_PWREx_EnableUSBVoltageDetector
                0x0000000008004de0       0x20 ./Drivers/STM32H7xx_HAL_Driver/Src/stm32h7xx_hal_pwr_ex.o
                0x0000000008004de0                HAL_PWREx_EnableUSBVoltageDetector
 .text.HAL_RCC_OscConfig
                0x0000000008004e00      0x85c ./Drivers/STM32H7xx_HAL_Driver/Src/stm32h7xx_hal_rcc.o
                0x0000000008004e00                HAL_RCC_OscConfig
 .text.HAL_RCC_ClockConfig
                0x000000000800565c      0x36c ./Drivers/STM32H7xx_HAL_Driver/Src/stm32h7xx_hal_rcc.o
                0x000000000800565c                HAL_RCC_ClockConfig
 .text.HAL_RCC_GetSysClockFreq
                0x00000000080059c8      0x2f4 ./Drivers/STM32H7xx_HAL_Driver/Src/stm32h7xx_hal_rcc.o
                0x00000000080059c8                HAL_RCC_GetSysClockFreq
 .text.HAL_RCC_GetHCLKFreq
                0x0000000008005cbc       0x60 ./Drivers/STM32H7xx_HAL_Driver/Src/stm32h7xx_hal_rcc.o
                0x0000000008005cbc                HAL_RCC_GetHCLKFreq
 .text.HAL_RCC_GetPCLK1Freq
                0x0000000008005d1c       0x2c ./Drivers/STM32H7xx_HAL_Driver/Src/stm32h7xx_hal_rcc.o
                0x0000000008005d1c                HAL_RCC_GetPCLK1Freq
 .text.HAL_RCC_GetPCLK2Freq
                0x0000000008005d48       0x2c ./Drivers/STM32H7xx_HAL_Driver/Src/stm32h7xx_hal_rcc.o
                0x0000000008005d48                HAL_RCC_GetPCLK2Freq
 .text.HAL_RCC_GetClockConfig
                0x0000000008005d74       0x84 ./Drivers/STM32H7xx_HAL_Driver/Src/stm32h7xx_hal_rcc.o
                0x0000000008005d74                HAL_RCC_GetClockConfig
 .text.HAL_RCCEx_PeriphCLKConfig
                0x0000000008005df8      0xe8c ./Drivers/STM32H7xx_HAL_Driver/Src/stm32h7xx_hal_rcc_ex.o
                0x0000000008005df8                HAL_RCCEx_PeriphCLKConfig
 .text.HAL_RCCEx_GetD3PCLK1Freq
                0x0000000008006c84       0x2c ./Drivers/STM32H7xx_HAL_Driver/Src/stm32h7xx_hal_rcc_ex.o
                0x0000000008006c84                HAL_RCCEx_GetD3PCLK1Freq
 .text.HAL_RCCEx_GetPLL2ClockFreq
                0x0000000008006cb0      0x2a8 ./Drivers/STM32H7xx_HAL_Driver/Src/stm32h7xx_hal_rcc_ex.o
                0x0000000008006cb0                HAL_RCCEx_GetPLL2ClockFreq
 .text.HAL_RCCEx_GetPLL3ClockFreq
                0x0000000008006f58      0x2a8 ./Drivers/STM32H7xx_HAL_Driver/Src/stm32h7xx_hal_rcc_ex.o
                0x0000000008006f58                HAL_RCCEx_GetPLL3ClockFreq
 .text.RCCEx_PLL2_Config
                0x0000000008007200      0x164 ./Drivers/STM32H7xx_HAL_Driver/Src/stm32h7xx_hal_rcc_ex.o
 .text.RCCEx_PLL3_Config
                0x0000000008007364      0x164 ./Drivers/STM32H7xx_HAL_Driver/Src/stm32h7xx_hal_rcc_ex.o
 .text.HAL_TIM_Base_Init
                0x00000000080074c8       0xae ./Drivers/STM32H7xx_HAL_Driver/Src/stm32h7xx_hal_tim.o
                0x00000000080074c8                HAL_TIM_Base_Init
 .text.HAL_TIM_Base_MspInit
                0x0000000008007576       0x14 ./Drivers/STM32H7xx_HAL_Driver/Src/stm32h7xx_hal_tim.o
                0x0000000008007576                HAL_TIM_Base_MspInit
 *fill*         0x000000000800758a        0x2 
 .text.HAL_TIM_Base_Start_IT
                0x000000000800758c       0xf0 ./Drivers/STM32H7xx_HAL_Driver/Src/stm32h7xx_hal_tim.o
                0x000000000800758c                HAL_TIM_Base_Start_IT
 .text.HAL_TIM_IRQHandler
                0x000000000800767c      0x23e ./Drivers/STM32H7xx_HAL_Driver/Src/stm32h7xx_hal_tim.o
                0x000000000800767c                HAL_TIM_IRQHandler
 .text.HAL_TIM_OC_DelayElapsedCallback
                0x00000000080078ba       0x14 ./Drivers/STM32H7xx_HAL_Driver/Src/stm32h7xx_hal_tim.o
                0x00000000080078ba                HAL_TIM_OC_DelayElapsedCallback
 .text.HAL_TIM_IC_CaptureCallback
                0x00000000080078ce       0x14 ./Drivers/STM32H7xx_HAL_Driver/Src/stm32h7xx_hal_tim.o
                0x00000000080078ce                HAL_TIM_IC_CaptureCallback
 .text.HAL_TIM_PWM_PulseFinishedCallback
                0x00000000080078e2       0x14 ./Drivers/STM32H7xx_HAL_Driver/Src/stm32h7xx_hal_tim.o
                0x00000000080078e2                HAL_TIM_PWM_PulseFinishedCallback
 .text.HAL_TIM_TriggerCallback
                0x00000000080078f6       0x14 ./Drivers/STM32H7xx_HAL_Driver/Src/stm32h7xx_hal_tim.o
                0x00000000080078f6                HAL_TIM_TriggerCallback
 *fill*         0x000000000800790a        0x2 
 .text.TIM_Base_SetConfig
                0x000000000800790c      0x134 ./Drivers/STM32H7xx_HAL_Driver/Src/stm32h7xx_hal_tim.o
                0x000000000800790c                TIM_Base_SetConfig
 .text.HAL_TIMEx_CommutCallback
                0x0000000008007a40       0x14 ./Drivers/STM32H7xx_HAL_Driver/Src/stm32h7xx_hal_tim_ex.o
                0x0000000008007a40                HAL_TIMEx_CommutCallback
 .text.HAL_TIMEx_BreakCallback
                0x0000000008007a54       0x14 ./Drivers/STM32H7xx_HAL_Driver/Src/stm32h7xx_hal_tim_ex.o
                0x0000000008007a54                HAL_TIMEx_BreakCallback
 .text.HAL_TIMEx_Break2Callback
                0x0000000008007a68       0x14 ./Drivers/STM32H7xx_HAL_Driver/Src/stm32h7xx_hal_tim_ex.o
                0x0000000008007a68                HAL_TIMEx_Break2Callback
 .text.HAL_UART_Init
                0x0000000008007a7c       0xa0 ./Drivers/STM32H7xx_HAL_Driver/Src/stm32h7xx_hal_uart.o
                0x0000000008007a7c                HAL_UART_Init
 .text.HAL_UART_Transmit
                0x0000000008007b1c      0x12c ./Drivers/STM32H7xx_HAL_Driver/Src/stm32h7xx_hal_uart.o
                0x0000000008007b1c                HAL_UART_Transmit
 .text.HAL_UART_Receive
                0x0000000008007c48      0x1a6 ./Drivers/STM32H7xx_HAL_Driver/Src/stm32h7xx_hal_uart.o
                0x0000000008007c48                HAL_UART_Receive
 *fill*         0x0000000008007dee        0x2 
 .text.HAL_UART_Receive_IT
                0x0000000008007df0       0xac ./Drivers/STM32H7xx_HAL_Driver/Src/stm32h7xx_hal_uart.o
                0x0000000008007df0                HAL_UART_Receive_IT
 .text.HAL_UART_IRQHandler
                0x0000000008007e9c      0x73c ./Drivers/STM32H7xx_HAL_Driver/Src/stm32h7xx_hal_uart.o
                0x0000000008007e9c                HAL_UART_IRQHandler
 .text.HAL_UART_TxCpltCallback
                0x00000000080085d8       0x14 ./Drivers/STM32H7xx_HAL_Driver/Src/stm32h7xx_hal_uart.o
                0x00000000080085d8                HAL_UART_TxCpltCallback
 .text.HAL_UART_ErrorCallback
                0x00000000080085ec       0x14 ./Drivers/STM32H7xx_HAL_Driver/Src/stm32h7xx_hal_uart.o
                0x00000000080085ec                HAL_UART_ErrorCallback
 .text.HAL_UARTEx_RxEventCallback
                0x0000000008008600       0x18 ./Drivers/STM32H7xx_HAL_Driver/Src/stm32h7xx_hal_uart.o
                0x0000000008008600                HAL_UARTEx_RxEventCallback
 .text.UART_SetConfig
                0x0000000008008618      0xad0 ./Drivers/STM32H7xx_HAL_Driver/Src/stm32h7xx_hal_uart.o
                0x0000000008008618                UART_SetConfig
 .text.UART_AdvFeatureConfig
                0x00000000080090e8      0x144 ./Drivers/STM32H7xx_HAL_Driver/Src/stm32h7xx_hal_uart.o
                0x00000000080090e8                UART_AdvFeatureConfig
 .text.UART_CheckIdleState
                0x000000000800922c       0x96 ./Drivers/STM32H7xx_HAL_Driver/Src/stm32h7xx_hal_uart.o
                0x000000000800922c                UART_CheckIdleState
 .text.UART_WaitOnFlagUntilTimeout
                0x00000000080092c2      0x190 ./Drivers/STM32H7xx_HAL_Driver/Src/stm32h7xx_hal_uart.o
                0x00000000080092c2                UART_WaitOnFlagUntilTimeout
 *fill*         0x0000000008009452        0x2 
 .text.UART_Start_Receive_IT
                0x0000000008009454      0x254 ./Drivers/STM32H7xx_HAL_Driver/Src/stm32h7xx_hal_uart.o
                0x0000000008009454                UART_Start_Receive_IT
 .text.UART_EndRxTransfer
                0x00000000080096a8       0xcc ./Drivers/STM32H7xx_HAL_Driver/Src/stm32h7xx_hal_uart.o
 .text.UART_DMAAbortOnError
                0x0000000008009774       0x2c ./Drivers/STM32H7xx_HAL_Driver/Src/stm32h7xx_hal_uart.o
 .text.UART_EndTransmit_IT
                0x00000000080097a0       0x56 ./Drivers/STM32H7xx_HAL_Driver/Src/stm32h7xx_hal_uart.o
 .text.UART_RxISR_8BIT
                0x00000000080097f6      0x160 ./Drivers/STM32H7xx_HAL_Driver/Src/stm32h7xx_hal_uart.o
 .text.UART_RxISR_16BIT
                0x0000000008009956      0x160 ./Drivers/STM32H7xx_HAL_Driver/Src/stm32h7xx_hal_uart.o
 *fill*         0x0000000008009ab6        0x2 
 .text.UART_RxISR_8BIT_FIFOEN
                0x0000000008009ab8      0x2f8 ./Drivers/STM32H7xx_HAL_Driver/Src/stm32h7xx_hal_uart.o
 .text.UART_RxISR_16BIT_FIFOEN
                0x0000000008009db0      0x300 ./Drivers/STM32H7xx_HAL_Driver/Src/stm32h7xx_hal_uart.o
 .text.HAL_UARTEx_WakeupCallback
                0x000000000800a0b0       0x14 ./Drivers/STM32H7xx_HAL_Driver/Src/stm32h7xx_hal_uart_ex.o
                0x000000000800a0b0                HAL_UARTEx_WakeupCallback
 .text.HAL_UARTEx_RxFifoFullCallback
                0x000000000800a0c4       0x14 ./Drivers/STM32H7xx_HAL_Driver/Src/stm32h7xx_hal_uart_ex.o
                0x000000000800a0c4                HAL_UARTEx_RxFifoFullCallback
 .text.HAL_UARTEx_TxFifoEmptyCallback
                0x000000000800a0d8       0x14 ./Drivers/STM32H7xx_HAL_Driver/Src/stm32h7xx_hal_uart_ex.o
                0x000000000800a0d8                HAL_UARTEx_TxFifoEmptyCallback
 .text.HAL_UARTEx_DisableFifoMode
                0x000000000800a0ec       0x72 ./Drivers/STM32H7xx_HAL_Driver/Src/stm32h7xx_hal_uart_ex.o
                0x000000000800a0ec                HAL_UARTEx_DisableFifoMode
 .text.HAL_UARTEx_SetTxFifoThreshold
                0x000000000800a15e       0x7c ./Drivers/STM32H7xx_HAL_Driver/Src/stm32h7xx_hal_uart_ex.o
                0x000000000800a15e                HAL_UARTEx_SetTxFifoThreshold
 .text.HAL_UARTEx_SetRxFifoThreshold
                0x000000000800a1da       0x7c ./Drivers/STM32H7xx_HAL_Driver/Src/stm32h7xx_hal_uart_ex.o
                0x000000000800a1da                HAL_UARTEx_SetRxFifoThreshold
 *fill*         0x000000000800a256        0x2 
 .text.UARTEx_SetNbDataToProcess
                0x000000000800a258       0x9c ./Drivers/STM32H7xx_HAL_Driver/Src/stm32h7xx_hal_uart_ex.o
 .text.USB_CoreInit
                0x000000000800a2f4       0xdc ./Drivers/STM32H7xx_HAL_Driver/Src/stm32h7xx_ll_usb.o
                0x000000000800a2f4                USB_CoreInit
 .text.USB_DisableGlobalInt
                0x000000000800a3d0       0x22 ./Drivers/STM32H7xx_HAL_Driver/Src/stm32h7xx_ll_usb.o
                0x000000000800a3d0                USB_DisableGlobalInt
 .text.USB_SetCurrentMode
                0x000000000800a3f2       0x98 ./Drivers/STM32H7xx_HAL_Driver/Src/stm32h7xx_ll_usb.o
                0x000000000800a3f2                USB_SetCurrentMode
 *fill*         0x000000000800a48a        0x2 
 .text.USB_DevInit
                0x000000000800a48c      0x2bc ./Drivers/STM32H7xx_HAL_Driver/Src/stm32h7xx_ll_usb.o
                0x000000000800a48c                USB_DevInit
 .text.USB_FlushTxFifo
                0x000000000800a748       0x68 ./Drivers/STM32H7xx_HAL_Driver/Src/stm32h7xx_ll_usb.o
                0x000000000800a748                USB_FlushTxFifo
 .text.USB_FlushRxFifo
                0x000000000800a7b0       0x60 ./Drivers/STM32H7xx_HAL_Driver/Src/stm32h7xx_ll_usb.o
                0x000000000800a7b0                USB_FlushRxFifo
 .text.USB_SetDevSpeed
                0x000000000800a810       0x32 ./Drivers/STM32H7xx_HAL_Driver/Src/stm32h7xx_ll_usb.o
                0x000000000800a810                USB_SetDevSpeed
 .text.USB_DevDisconnect
                0x000000000800a842       0x42 ./Drivers/STM32H7xx_HAL_Driver/Src/stm32h7xx_ll_usb.o
                0x000000000800a842                USB_DevDisconnect
 .text.USB_GetMode
                0x000000000800a884       0x1c ./Drivers/STM32H7xx_HAL_Driver/Src/stm32h7xx_ll_usb.o
                0x000000000800a884                USB_GetMode
 .text.USB_CoreReset
                0x000000000800a8a0       0x68 ./Drivers/STM32H7xx_HAL_Driver/Src/stm32h7xx_ll_usb.o
 .text.__NVIC_SetPriority
                0x000000000800a908       0x54 ./Middlewares/Third_Party/FreeRTOS/Source/CMSIS_RTOS_V2/cmsis_os2.o
 .text.SysTick_Handler
                0x000000000800a95c       0x20 ./Middlewares/Third_Party/FreeRTOS/Source/CMSIS_RTOS_V2/cmsis_os2.o
                0x000000000800a95c                SysTick_Handler
 .text.SVC_Setup
                0x000000000800a97c       0x12 ./Middlewares/Third_Party/FreeRTOS/Source/CMSIS_RTOS_V2/cmsis_os2.o
 *fill*         0x000000000800a98e        0x2 
 .text.osKernelInitialize
                0x000000000800a990       0x48 ./Middlewares/Third_Party/FreeRTOS/Source/CMSIS_RTOS_V2/cmsis_os2.o
                0x000000000800a990                osKernelInitialize
 .text.osKernelStart
                0x000000000800a9d8       0x4c ./Middlewares/Third_Party/FreeRTOS/Source/CMSIS_RTOS_V2/cmsis_os2.o
                0x000000000800a9d8                osKernelStart
 .text.osThreadNew
                0x000000000800aa24      0x124 ./Middlewares/Third_Party/FreeRTOS/Source/CMSIS_RTOS_V2/cmsis_os2.o
                0x000000000800aa24                osThreadNew
 .text.osThreadGetState
                0x000000000800ab48       0x78 ./Middlewares/Third_Party/FreeRTOS/Source/CMSIS_RTOS_V2/cmsis_os2.o
                0x000000000800ab48                osThreadGetState
 .text.osThreadExit
                0x000000000800abc0        0xc ./Middlewares/Third_Party/FreeRTOS/Source/CMSIS_RTOS_V2/cmsis_os2.o
                0x000000000800abc0                osThreadExit
 .text.osThreadTerminate
                0x000000000800abcc       0x5a ./Middlewares/Third_Party/FreeRTOS/Source/CMSIS_RTOS_V2/cmsis_os2.o
                0x000000000800abcc                osThreadTerminate
 .text.osDelay  0x000000000800ac26       0x36 ./Middlewares/Third_Party/FreeRTOS/Source/CMSIS_RTOS_V2/cmsis_os2.o
                0x000000000800ac26                osDelay
 .text.osMutexNew
                0x000000000800ac5c      0x10c ./Middlewares/Third_Party/FreeRTOS/Source/CMSIS_RTOS_V2/cmsis_os2.o
                0x000000000800ac5c                osMutexNew
 .text.osSemaphoreNew
                0x000000000800ad68      0x112 ./Middlewares/Third_Party/FreeRTOS/Source/CMSIS_RTOS_V2/cmsis_os2.o
                0x000000000800ad68                osSemaphoreNew
 *fill*         0x000000000800ae7a        0x2 
 .text.osSemaphoreAcquire
                0x000000000800ae7c       0xa4 ./Middlewares/Third_Party/FreeRTOS/Source/CMSIS_RTOS_V2/cmsis_os2.o
                0x000000000800ae7c                osSemaphoreAcquire
 .text.osSemaphoreRelease
                0x000000000800af20       0x88 ./Middlewares/Third_Party/FreeRTOS/Source/CMSIS_RTOS_V2/cmsis_os2.o
                0x000000000800af20                osSemaphoreRelease
 .text.osMessageQueueNew
                0x000000000800afa8       0xe6 ./Middlewares/Third_Party/FreeRTOS/Source/CMSIS_RTOS_V2/cmsis_os2.o
                0x000000000800afa8                osMessageQueueNew
 *fill*         0x000000000800b08e        0x2 
 .text.osMessageQueuePut
                0x000000000800b090       0xc0 ./Middlewares/Third_Party/FreeRTOS/Source/CMSIS_RTOS_V2/cmsis_os2.o
                0x000000000800b090                osMessageQueuePut
 .text.osMessageQueueGet
                0x000000000800b150       0xbc ./Middlewares/Third_Party/FreeRTOS/Source/CMSIS_RTOS_V2/cmsis_os2.o
                0x000000000800b150                osMessageQueueGet
 .text.vApplicationGetIdleTaskMemory
                0x000000000800b20c       0x34 ./Middlewares/Third_Party/FreeRTOS/Source/CMSIS_RTOS_V2/cmsis_os2.o
                0x000000000800b20c                vApplicationGetIdleTaskMemory
 .text.vApplicationGetTimerTaskMemory
                0x000000000800b240       0x34 ./Middlewares/Third_Party/FreeRTOS/Source/CMSIS_RTOS_V2/cmsis_os2.o
                0x000000000800b240                vApplicationGetTimerTaskMemory
 .text.vListInitialise
                0x000000000800b274       0x40 ./Middlewares/Third_Party/FreeRTOS/Source/list.o
                0x000000000800b274                vListInitialise
 .text.vListInitialiseItem
                0x000000000800b2b4       0x1a ./Middlewares/Third_Party/FreeRTOS/Source/list.o
                0x000000000800b2b4                vListInitialiseItem
 .text.vListInsertEnd
                0x000000000800b2ce       0x48 ./Middlewares/Third_Party/FreeRTOS/Source/list.o
                0x000000000800b2ce                vListInsertEnd
 .text.vListInsert
                0x000000000800b316       0x72 ./Middlewares/Third_Party/FreeRTOS/Source/list.o
                0x000000000800b316                vListInsert
 .text.uxListRemove
                0x000000000800b388       0x54 ./Middlewares/Third_Party/FreeRTOS/Source/list.o
                0x000000000800b388                uxListRemove
 .text.xQueueGenericReset
                0x000000000800b3dc       0xd0 ./Middlewares/Third_Party/FreeRTOS/Source/queue.o
                0x000000000800b3dc                xQueueGenericReset
 .text.xQueueGenericCreateStatic
                0x000000000800b4ac       0xf0 ./Middlewares/Third_Party/FreeRTOS/Source/queue.o
                0x000000000800b4ac                xQueueGenericCreateStatic
 .text.xQueueGenericCreate
                0x000000000800b59c       0x74 ./Middlewares/Third_Party/FreeRTOS/Source/queue.o
                0x000000000800b59c                xQueueGenericCreate
 .text.prvInitialiseNewQueue
                0x000000000800b610       0x46 ./Middlewares/Third_Party/FreeRTOS/Source/queue.o
 .text.prvInitialiseMutex
                0x000000000800b656       0x34 ./Middlewares/Third_Party/FreeRTOS/Source/queue.o
 .text.xQueueCreateMutex
                0x000000000800b68a       0x30 ./Middlewares/Third_Party/FreeRTOS/Source/queue.o
                0x000000000800b68a                xQueueCreateMutex
 .text.xQueueCreateMutexStatic
                0x000000000800b6ba       0x36 ./Middlewares/Third_Party/FreeRTOS/Source/queue.o
                0x000000000800b6ba                xQueueCreateMutexStatic
 .text.xQueueCreateCountingSemaphoreStatic
                0x000000000800b6f0       0x6e ./Middlewares/Third_Party/FreeRTOS/Source/queue.o
                0x000000000800b6f0                xQueueCreateCountingSemaphoreStatic
 .text.xQueueCreateCountingSemaphore
                0x000000000800b75e       0x66 ./Middlewares/Third_Party/FreeRTOS/Source/queue.o
                0x000000000800b75e                xQueueCreateCountingSemaphore
 .text.xQueueGenericSend
                0x000000000800b7c4      0x1fc ./Middlewares/Third_Party/FreeRTOS/Source/queue.o
                0x000000000800b7c4                xQueueGenericSend
 .text.xQueueGenericSendFromISR
                0x000000000800b9c0      0x136 ./Middlewares/Third_Party/FreeRTOS/Source/queue.o
                0x000000000800b9c0                xQueueGenericSendFromISR
 .text.xQueueGiveFromISR
                0x000000000800baf6      0x11a ./Middlewares/Third_Party/FreeRTOS/Source/queue.o
                0x000000000800baf6                xQueueGiveFromISR
 .text.xQueueReceive
                0x000000000800bc10      0x1c0 ./Middlewares/Third_Party/FreeRTOS/Source/queue.o
                0x000000000800bc10                xQueueReceive
 .text.xQueueSemaphoreTake
                0x000000000800bdd0      0x218 ./Middlewares/Third_Party/FreeRTOS/Source/queue.o
                0x000000000800bdd0                xQueueSemaphoreTake
 .text.xQueueReceiveFromISR
                0x000000000800bfe8      0x100 ./Middlewares/Third_Party/FreeRTOS/Source/queue.o
                0x000000000800bfe8                xQueueReceiveFromISR
 .text.vQueueDelete
                0x000000000800c0e8       0x46 ./Middlewares/Third_Party/FreeRTOS/Source/queue.o
                0x000000000800c0e8                vQueueDelete
 .text.prvGetDisinheritPriorityAfterTimeout
                0x000000000800c12e       0x30 ./Middlewares/Third_Party/FreeRTOS/Source/queue.o
 .text.prvCopyDataToQueue
                0x000000000800c15e       0xd4 ./Middlewares/Third_Party/FreeRTOS/Source/queue.o
 .text.prvCopyDataFromQueue
                0x000000000800c232       0x4c ./Middlewares/Third_Party/FreeRTOS/Source/queue.o
 .text.prvUnlockQueue
                0x000000000800c27e       0xa4 ./Middlewares/Third_Party/FreeRTOS/Source/queue.o
 .text.prvIsQueueEmpty
                0x000000000800c322       0x2c ./Middlewares/Third_Party/FreeRTOS/Source/queue.o
 .text.prvIsQueueFull
                0x000000000800c34e       0x30 ./Middlewares/Third_Party/FreeRTOS/Source/queue.o
 *fill*         0x000000000800c37e        0x2 
 .text.vQueueAddToRegistry
                0x000000000800c380       0x54 ./Middlewares/Third_Party/FreeRTOS/Source/queue.o
                0x000000000800c380                vQueueAddToRegistry
 .text.vQueueUnregisterQueue
                0x000000000800c3d4       0x54 ./Middlewares/Third_Party/FreeRTOS/Source/queue.o
                0x000000000800c3d4                vQueueUnregisterQueue
 .text.vQueueWaitForMessageRestricted
                0x000000000800c428       0x68 ./Middlewares/Third_Party/FreeRTOS/Source/queue.o
                0x000000000800c428                vQueueWaitForMessageRestricted
 .text.xTaskCreateStatic
                0x000000000800c490       0xba ./Middlewares/Third_Party/FreeRTOS/Source/tasks.o
                0x000000000800c490                xTaskCreateStatic
 .text.xTaskCreate
                0x000000000800c54a       0x8a ./Middlewares/Third_Party/FreeRTOS/Source/tasks.o
                0x000000000800c54a                xTaskCreate
 .text.prvInitialiseNewTask
                0x000000000800c5d4      0x14c ./Middlewares/Third_Party/FreeRTOS/Source/tasks.o
 .text.prvAddNewTaskToReadyList
                0x000000000800c720       0xe0 ./Middlewares/Third_Party/FreeRTOS/Source/tasks.o
 .text.vTaskDelete
                0x000000000800c800       0xe4 ./Middlewares/Third_Party/FreeRTOS/Source/tasks.o
                0x000000000800c800                vTaskDelete
 .text.vTaskDelay
                0x000000000800c8e4       0x68 ./Middlewares/Third_Party/FreeRTOS/Source/tasks.o
                0x000000000800c8e4                vTaskDelay
 .text.eTaskGetState
                0x000000000800c94c       0xcc ./Middlewares/Third_Party/FreeRTOS/Source/tasks.o
                0x000000000800c94c                eTaskGetState
 .text.vTaskStartScheduler
                0x000000000800ca18       0xe0 ./Middlewares/Third_Party/FreeRTOS/Source/tasks.o
                0x000000000800ca18                vTaskStartScheduler
 .text.vTaskSuspendAll
                0x000000000800caf8       0x1c ./Middlewares/Third_Party/FreeRTOS/Source/tasks.o
                0x000000000800caf8                vTaskSuspendAll
 .text.xTaskResumeAll
                0x000000000800cb14      0x13c ./Middlewares/Third_Party/FreeRTOS/Source/tasks.o
                0x000000000800cb14                xTaskResumeAll
 .text.xTaskGetTickCount
                0x000000000800cc50       0x20 ./Middlewares/Third_Party/FreeRTOS/Source/tasks.o
                0x000000000800cc50                xTaskGetTickCount
 .text.xTaskIncrementTick
                0x000000000800cc70      0x174 ./Middlewares/Third_Party/FreeRTOS/Source/tasks.o
                0x000000000800cc70                xTaskIncrementTick
 .text.vTaskSwitchContext
                0x000000000800cde4       0xc8 ./Middlewares/Third_Party/FreeRTOS/Source/tasks.o
                0x000000000800cde4                vTaskSwitchContext
 .text.vTaskPlaceOnEventList
                0x000000000800ceac       0x48 ./Middlewares/Third_Party/FreeRTOS/Source/tasks.o
                0x000000000800ceac                vTaskPlaceOnEventList
 .text.vTaskPlaceOnEventListRestricted
                0x000000000800cef4       0x58 ./Middlewares/Third_Party/FreeRTOS/Source/tasks.o
                0x000000000800cef4                vTaskPlaceOnEventListRestricted
 .text.xTaskRemoveFromEventList
                0x000000000800cf4c       0xc8 ./Middlewares/Third_Party/FreeRTOS/Source/tasks.o
                0x000000000800cf4c                xTaskRemoveFromEventList
 .text.vTaskInternalSetTimeOutState
                0x000000000800d014       0x2c ./Middlewares/Third_Party/FreeRTOS/Source/tasks.o
                0x000000000800d014                vTaskInternalSetTimeOutState
 .text.xTaskCheckForTimeOut
                0x000000000800d040       0xc4 ./Middlewares/Third_Party/FreeRTOS/Source/tasks.o
                0x000000000800d040                xTaskCheckForTimeOut
 .text.vTaskMissedYield
                0x000000000800d104       0x18 ./Middlewares/Third_Party/FreeRTOS/Source/tasks.o
                0x000000000800d104                vTaskMissedYield
 .text.prvIdleTask
                0x000000000800d11c       0x30 ./Middlewares/Third_Party/FreeRTOS/Source/tasks.o
 .text.prvInitialiseTaskLists
                0x000000000800d14c       0x80 ./Middlewares/Third_Party/FreeRTOS/Source/tasks.o
 .text.prvCheckTasksWaitingTermination
                0x000000000800d1cc       0x5c ./Middlewares/Third_Party/FreeRTOS/Source/tasks.o
 .text.prvDeleteTCB
                0x000000000800d228       0x68 ./Middlewares/Third_Party/FreeRTOS/Source/tasks.o
 .text.prvResetNextTaskUnblockTime
                0x000000000800d290       0x40 ./Middlewares/Third_Party/FreeRTOS/Source/tasks.o
 .text.xTaskGetSchedulerState
                0x000000000800d2d0       0x3c ./Middlewares/Third_Party/FreeRTOS/Source/tasks.o
                0x000000000800d2d0                xTaskGetSchedulerState
 .text.xTaskPriorityInherit
                0x000000000800d30c       0xd0 ./Middlewares/Third_Party/FreeRTOS/Source/tasks.o
                0x000000000800d30c                xTaskPriorityInherit
 .text.xTaskPriorityDisinherit
                0x000000000800d3dc       0xdc ./Middlewares/Third_Party/FreeRTOS/Source/tasks.o
                0x000000000800d3dc                xTaskPriorityDisinherit
 .text.vTaskPriorityDisinheritAfterTimeout
                0x000000000800d4b8      0x104 ./Middlewares/Third_Party/FreeRTOS/Source/tasks.o
                0x000000000800d4b8                vTaskPriorityDisinheritAfterTimeout
 .text.pvTaskIncrementMutexHeldCount
                0x000000000800d5bc       0x28 ./Middlewares/Third_Party/FreeRTOS/Source/tasks.o
                0x000000000800d5bc                pvTaskIncrementMutexHeldCount
 .text.prvAddCurrentTaskToDelayedList
                0x000000000800d5e4       0xa8 ./Middlewares/Third_Party/FreeRTOS/Source/tasks.o
 .text.xTimerCreateTimerTask
                0x000000000800d68c       0x90 ./Middlewares/Third_Party/FreeRTOS/Source/timers.o
                0x000000000800d68c                xTimerCreateTimerTask
 .text.xTimerGenericCommand
                0x000000000800d71c       0x9c ./Middlewares/Third_Party/FreeRTOS/Source/timers.o
                0x000000000800d71c                xTimerGenericCommand
 .text.prvProcessExpiredTimer
                0x000000000800d7b8       0x98 ./Middlewares/Third_Party/FreeRTOS/Source/timers.o
 .text.prvTimerTask
                0x000000000800d850       0x24 ./Middlewares/Third_Party/FreeRTOS/Source/timers.o
 .text.prvProcessTimerOrBlockTask
                0x000000000800d874       0x9c ./Middlewares/Third_Party/FreeRTOS/Source/timers.o
 .text.prvGetNextExpireTime
                0x000000000800d910       0x48 ./Middlewares/Third_Party/FreeRTOS/Source/timers.o
 .text.prvSampleTimeNow
                0x000000000800d958       0x40 ./Middlewares/Third_Party/FreeRTOS/Source/timers.o
 .text.prvInsertTimerInActiveList
                0x000000000800d998       0x84 ./Middlewares/Third_Party/FreeRTOS/Source/timers.o
 .text.prvProcessReceivedCommands
                0x000000000800da1c      0x1c4 ./Middlewares/Third_Party/FreeRTOS/Source/timers.o
 .text.prvSwitchTimerLists
                0x000000000800dbe0       0xc8 ./Middlewares/Third_Party/FreeRTOS/Source/timers.o
 .text.prvCheckForValidListAndQueue
                0x000000000800dca8       0x80 ./Middlewares/Third_Party/FreeRTOS/Source/timers.o
 .text.pxPortInitialiseStack
                0x000000000800dd28       0x68 ./Middlewares/Third_Party/FreeRTOS/Source/portable/GCC/ARM_CM4F/port.o
                0x000000000800dd28                pxPortInitialiseStack
 .text.prvTaskExitError
                0x000000000800dd90       0x58 ./Middlewares/Third_Party/FreeRTOS/Source/portable/GCC/ARM_CM4F/port.o
 *fill*         0x000000000800dde8        0x8 
 .text.SVC_Handler
                0x000000000800ddf0       0x28 ./Middlewares/Third_Party/FreeRTOS/Source/portable/GCC/ARM_CM4F/port.o
                0x000000000800ddf0                SVC_Handler
 .text.prvPortStartFirstTask
                0x000000000800de18       0x28 ./Middlewares/Third_Party/FreeRTOS/Source/portable/GCC/ARM_CM4F/port.o
 .text.xPortStartScheduler
                0x000000000800de40      0x144 ./Middlewares/Third_Party/FreeRTOS/Source/portable/GCC/ARM_CM4F/port.o
                0x000000000800de40                xPortStartScheduler
 .text.vPortEnterCritical
                0x000000000800df84       0x60 ./Middlewares/Third_Party/FreeRTOS/Source/portable/GCC/ARM_CM4F/port.o
                0x000000000800df84                vPortEnterCritical
 .text.vPortExitCritical
                0x000000000800dfe4       0x54 ./Middlewares/Third_Party/FreeRTOS/Source/portable/GCC/ARM_CM4F/port.o
                0x000000000800dfe4                vPortExitCritical
 *fill*         0x000000000800e038        0x8 
 .text.PendSV_Handler
                0x000000000800e040       0x68 ./Middlewares/Third_Party/FreeRTOS/Source/portable/GCC/ARM_CM4F/port.o
                0x000000000800e040                PendSV_Handler
 .text.xPortSysTickHandler
                0x000000000800e0a8       0x44 ./Middlewares/Third_Party/FreeRTOS/Source/portable/GCC/ARM_CM4F/port.o
                0x000000000800e0a8                xPortSysTickHandler
 .text.vPortSetupTimerInterrupt
                0x000000000800e0ec       0x48 ./Middlewares/Third_Party/FreeRTOS/Source/portable/GCC/ARM_CM4F/port.o
                0x000000000800e0ec                vPortSetupTimerInterrupt
 .text.vPortEnableVFP
                0x000000000800e134       0x14 ./Middlewares/Third_Party/FreeRTOS/Source/portable/GCC/ARM_CM4F/port.o
 .text.vPortValidateInterruptPriority
                0x000000000800e148       0x80 ./Middlewares/Third_Party/FreeRTOS/Source/portable/GCC/ARM_CM4F/port.o
                0x000000000800e148                vPortValidateInterruptPriority
 .text.pvPortMalloc
                0x000000000800e1c8      0x198 ./Middlewares/Third_Party/FreeRTOS/Source/portable/MemMang/heap_4.o
                0x000000000800e1c8                pvPortMalloc
 .text.vPortFree
                0x000000000800e360       0xc4 ./Middlewares/Third_Party/FreeRTOS/Source/portable/MemMang/heap_4.o
                0x000000000800e360                vPortFree
 .text.prvHeapInit
                0x000000000800e424       0xc4 ./Middlewares/Third_Party/FreeRTOS/Source/portable/MemMang/heap_4.o
 .text.prvInsertBlockIntoFreeList
                0x000000000800e4e8       0xb4 ./Middlewares/Third_Party/FreeRTOS/Source/portable/MemMang/heap_4.o
 .text.__errno  0x000000000800e59c        0xc /Applications/STM32CubeIDE.app/Contents/Eclipse/plugins/com.st.stm32cube.ide.mcu.externaltools.gnu-tools-for-stm32.10.3-2021.10.macos64_1.0.100.202210260954/tools/bin/../lib/gcc/arm-none-eabi/10.3.1/../../../../arm-none-eabi/lib/thumb/v7e-m+dp/hard/libc_nano.a(lib_a-errno.o)
                0x000000000800e59c                __errno
 .text.std      0x000000000800e5a8       0x48 /Applications/STM32CubeIDE.app/Contents/Eclipse/plugins/com.st.stm32cube.ide.mcu.externaltools.gnu-tools-for-stm32.10.3-2021.10.macos64_1.0.100.202210260954/tools/bin/../lib/gcc/arm-none-eabi/10.3.1/../../../../arm-none-eabi/lib/thumb/v7e-m+dp/hard/libc_nano.a(lib_a-findfp.o)
 .text._cleanup_r
                0x000000000800e5f0        0xc /Applications/STM32CubeIDE.app/Contents/Eclipse/plugins/com.st.stm32cube.ide.mcu.externaltools.gnu-tools-for-stm32.10.3-2021.10.macos64_1.0.100.202210260954/tools/bin/../lib/gcc/arm-none-eabi/10.3.1/../../../../arm-none-eabi/lib/thumb/v7e-m+dp/hard/libc_nano.a(lib_a-findfp.o)
                0x000000000800e5f0                _cleanup_r
 .text.__sfmoreglue
                0x000000000800e5fc       0x2c /Applications/STM32CubeIDE.app/Contents/Eclipse/plugins/com.st.stm32cube.ide.mcu.externaltools.gnu-tools-for-stm32.10.3-2021.10.macos64_1.0.100.202210260954/tools/bin/../lib/gcc/arm-none-eabi/10.3.1/../../../../arm-none-eabi/lib/thumb/v7e-m+dp/hard/libc_nano.a(lib_a-findfp.o)
                0x000000000800e5fc                __sfmoreglue
 .text.__sfp_lock_acquire
                0x000000000800e628        0xc /Applications/STM32CubeIDE.app/Contents/Eclipse/plugins/com.st.stm32cube.ide.mcu.externaltools.gnu-tools-for-stm32.10.3-2021.10.macos64_1.0.100.202210260954/tools/bin/../lib/gcc/arm-none-eabi/10.3.1/../../../../arm-none-eabi/lib/thumb/v7e-m+dp/hard/libc_nano.a(lib_a-findfp.o)
                0x000000000800e628                __sfp_lock_acquire
 .text.__sfp_lock_release
                0x000000000800e634        0xc /Applications/STM32CubeIDE.app/Contents/Eclipse/plugins/com.st.stm32cube.ide.mcu.externaltools.gnu-tools-for-stm32.10.3-2021.10.macos64_1.0.100.202210260954/tools/bin/../lib/gcc/arm-none-eabi/10.3.1/../../../../arm-none-eabi/lib/thumb/v7e-m+dp/hard/libc_nano.a(lib_a-findfp.o)
                0x000000000800e634                __sfp_lock_release
 .text.__sinit_lock_acquire
                0x000000000800e640        0xc /Applications/STM32CubeIDE.app/Contents/Eclipse/plugins/com.st.stm32cube.ide.mcu.externaltools.gnu-tools-for-stm32.10.3-2021.10.macos64_1.0.100.202210260954/tools/bin/../lib/gcc/arm-none-eabi/10.3.1/../../../../arm-none-eabi/lib/thumb/v7e-m+dp/hard/libc_nano.a(lib_a-findfp.o)
                0x000000000800e640                __sinit_lock_acquire
 .text.__sinit_lock_release
                0x000000000800e64c        0xc /Applications/STM32CubeIDE.app/Contents/Eclipse/plugins/com.st.stm32cube.ide.mcu.externaltools.gnu-tools-for-stm32.10.3-2021.10.macos64_1.0.100.202210260954/tools/bin/../lib/gcc/arm-none-eabi/10.3.1/../../../../arm-none-eabi/lib/thumb/v7e-m+dp/hard/libc_nano.a(lib_a-findfp.o)
                0x000000000800e64c                __sinit_lock_release
 .text.__sinit  0x000000000800e658       0x70 /Applications/STM32CubeIDE.app/Contents/Eclipse/plugins/com.st.stm32cube.ide.mcu.externaltools.gnu-tools-for-stm32.10.3-2021.10.macos64_1.0.100.202210260954/tools/bin/../lib/gcc/arm-none-eabi/10.3.1/../../../../arm-none-eabi/lib/thumb/v7e-m+dp/hard/libc_nano.a(lib_a-findfp.o)
                0x000000000800e658                __sinit
 .text.__sfp    0x000000000800e6c8       0x8c /Applications/STM32CubeIDE.app/Contents/Eclipse/plugins/com.st.stm32cube.ide.mcu.externaltools.gnu-tools-for-stm32.10.3-2021.10.macos64_1.0.100.202210260954/tools/bin/../lib/gcc/arm-none-eabi/10.3.1/../../../../arm-none-eabi/lib/thumb/v7e-m+dp/hard/libc_nano.a(lib_a-findfp.o)
                0x000000000800e6c8                __sfp
 .text._fwalk_reent
                0x000000000800e754       0x3e /Applications/STM32CubeIDE.app/Contents/Eclipse/plugins/com.st.stm32cube.ide.mcu.externaltools.gnu-tools-for-stm32.10.3-2021.10.macos64_1.0.100.202210260954/tools/bin/../lib/gcc/arm-none-eabi/10.3.1/../../../../arm-none-eabi/lib/thumb/v7e-m+dp/hard/libc_nano.a(lib_a-fwalk.o)
                0x000000000800e754                _fwalk_reent
 *fill*         0x000000000800e792        0x2 
 .text.__libc_init_array
                0x000000000800e794       0x48 /Applications/STM32CubeIDE.app/Contents/Eclipse/plugins/com.st.stm32cube.ide.mcu.externaltools.gnu-tools-for-stm32.10.3-2021.10.macos64_1.0.100.202210260954/tools/bin/../lib/gcc/arm-none-eabi/10.3.1/../../../../arm-none-eabi/lib/thumb/v7e-m+dp/hard/libc_nano.a(lib_a-init.o)
                0x000000000800e794                __libc_init_array
 .text.__retarget_lock_init_recursive
                0x000000000800e7dc        0x2 /Applications/STM32CubeIDE.app/Contents/Eclipse/plugins/com.st.stm32cube.ide.mcu.externaltools.gnu-tools-for-stm32.10.3-2021.10.macos64_1.0.100.202210260954/tools/bin/../lib/gcc/arm-none-eabi/10.3.1/../../../../arm-none-eabi/lib/thumb/v7e-m+dp/hard/libc_nano.a(lib_a-lock.o)
                0x000000000800e7dc                __retarget_lock_init_recursive
 .text.__retarget_lock_acquire_recursive
                0x000000000800e7de        0x2 /Applications/STM32CubeIDE.app/Contents/Eclipse/plugins/com.st.stm32cube.ide.mcu.externaltools.gnu-tools-for-stm32.10.3-2021.10.macos64_1.0.100.202210260954/tools/bin/../lib/gcc/arm-none-eabi/10.3.1/../../../../arm-none-eabi/lib/thumb/v7e-m+dp/hard/libc_nano.a(lib_a-lock.o)
                0x000000000800e7de                __retarget_lock_acquire_recursive
 .text.__retarget_lock_release_recursive
                0x000000000800e7e0        0x2 /Applications/STM32CubeIDE.app/Contents/Eclipse/plugins/com.st.stm32cube.ide.mcu.externaltools.gnu-tools-for-stm32.10.3-2021.10.macos64_1.0.100.202210260954/tools/bin/../lib/gcc/arm-none-eabi/10.3.1/../../../../arm-none-eabi/lib/thumb/v7e-m+dp/hard/libc_nano.a(lib_a-lock.o)
                0x000000000800e7e0                __retarget_lock_release_recursive
 .text.memcpy   0x000000000800e7e2       0x1c /Applications/STM32CubeIDE.app/Contents/Eclipse/plugins/com.st.stm32cube.ide.mcu.externaltools.gnu-tools-for-stm32.10.3-2021.10.macos64_1.0.100.202210260954/tools/bin/../lib/gcc/arm-none-eabi/10.3.1/../../../../arm-none-eabi/lib/thumb/v7e-m+dp/hard/libc_nano.a(lib_a-memcpy-stub.o)
                0x000000000800e7e2                memcpy
 .text.memset   0x000000000800e7fe       0x10 /Applications/STM32CubeIDE.app/Contents/Eclipse/plugins/com.st.stm32cube.ide.mcu.externaltools.gnu-tools-for-stm32.10.3-2021.10.macos64_1.0.100.202210260954/tools/bin/../lib/gcc/arm-none-eabi/10.3.1/../../../../arm-none-eabi/lib/thumb/v7e-m+dp/hard/libc_nano.a(lib_a-memset.o)
                0x000000000800e7fe                memset
 *fill*         0x000000000800e80e        0x2 
 .text.sbrk_aligned
                0x000000000800e810       0x40 /Applications/STM32CubeIDE.app/Contents/Eclipse/plugins/com.st.stm32cube.ide.mcu.externaltools.gnu-tools-for-stm32.10.3-2021.10.macos64_1.0.100.202210260954/tools/bin/../lib/gcc/arm-none-eabi/10.3.1/../../../../arm-none-eabi/lib/thumb/v7e-m+dp/hard/libc_nano.a(lib_a-nano-mallocr.o)
 .text._malloc_r
                0x000000000800e850       0xe8 /Applications/STM32CubeIDE.app/Contents/Eclipse/plugins/com.st.stm32cube.ide.mcu.externaltools.gnu-tools-for-stm32.10.3-2021.10.macos64_1.0.100.202210260954/tools/bin/../lib/gcc/arm-none-eabi/10.3.1/../../../../arm-none-eabi/lib/thumb/v7e-m+dp/hard/libc_nano.a(lib_a-nano-mallocr.o)
                0x000000000800e850                _malloc_r
 .text.printf   0x000000000800e938       0x30 /Applications/STM32CubeIDE.app/Contents/Eclipse/plugins/com.st.stm32cube.ide.mcu.externaltools.gnu-tools-for-stm32.10.3-2021.10.macos64_1.0.100.202210260954/tools/bin/../lib/gcc/arm-none-eabi/10.3.1/../../../../arm-none-eabi/lib/thumb/v7e-m+dp/hard/libc_nano.a(lib_a-printf.o)
                0x000000000800e938                printf
                0x000000000800e938                iprintf
 .text._puts_r  0x000000000800e968       0xdc /Applications/STM32CubeIDE.app/Contents/Eclipse/plugins/com.st.stm32cube.ide.mcu.externaltools.gnu-tools-for-stm32.10.3-2021.10.macos64_1.0.100.202210260954/tools/bin/../lib/gcc/arm-none-eabi/10.3.1/../../../../arm-none-eabi/lib/thumb/v7e-m+dp/hard/libc_nano.a(lib_a-puts.o)
                0x000000000800e968                _puts_r
 .text.puts     0x000000000800ea44       0x10 /Applications/STM32CubeIDE.app/Contents/Eclipse/plugins/com.st.stm32cube.ide.mcu.externaltools.gnu-tools-for-stm32.10.3-2021.10.macos64_1.0.100.202210260954/tools/bin/../lib/gcc/arm-none-eabi/10.3.1/../../../../arm-none-eabi/lib/thumb/v7e-m+dp/hard/libc_nano.a(lib_a-puts.o)
                0x000000000800ea44                puts
 .text.srand    0x000000000800ea54       0x5c /Applications/STM32CubeIDE.app/Contents/Eclipse/plugins/com.st.stm32cube.ide.mcu.externaltools.gnu-tools-for-stm32.10.3-2021.10.macos64_1.0.100.202210260954/tools/bin/../lib/gcc/arm-none-eabi/10.3.1/../../../../arm-none-eabi/lib/thumb/v7e-m+dp/hard/libc_nano.a(lib_a-rand.o)
                0x000000000800ea54                srand
 .text.rand     0x000000000800eab0       0x7c /Applications/STM32CubeIDE.app/Contents/Eclipse/plugins/com.st.stm32cube.ide.mcu.externaltools.gnu-tools-for-stm32.10.3-2021.10.macos64_1.0.100.202210260954/tools/bin/../lib/gcc/arm-none-eabi/10.3.1/../../../../arm-none-eabi/lib/thumb/v7e-m+dp/hard/libc_nano.a(lib_a-rand.o)
                0x000000000800eab0                rand
 .text.cleanup_glue
                0x000000000800eb2c       0x1a /Applications/STM32CubeIDE.app/Contents/Eclipse/plugins/com.st.stm32cube.ide.mcu.externaltools.gnu-tools-for-stm32.10.3-2021.10.macos64_1.0.100.202210260954/tools/bin/../lib/gcc/arm-none-eabi/10.3.1/../../../../arm-none-eabi/lib/thumb/v7e-m+dp/hard/libc_nano.a(lib_a-reent.o)
                0x000000000800eb2c                cleanup_glue
 *fill*         0x000000000800eb46        0x2 
 .text._reclaim_reent
                0x000000000800eb48       0xb8 /Applications/STM32CubeIDE.app/Contents/Eclipse/plugins/com.st.stm32cube.ide.mcu.externaltools.gnu-tools-for-stm32.10.3-2021.10.macos64_1.0.100.202210260954/tools/bin/../lib/gcc/arm-none-eabi/10.3.1/../../../../arm-none-eabi/lib/thumb/v7e-m+dp/hard/libc_nano.a(lib_a-reent.o)
                0x000000000800eb48                _reclaim_reent
 .text._sbrk_r  0x000000000800ec00       0x20 /Applications/STM32CubeIDE.app/Contents/Eclipse/plugins/com.st.stm32cube.ide.mcu.externaltools.gnu-tools-for-stm32.10.3-2021.10.macos64_1.0.100.202210260954/tools/bin/../lib/gcc/arm-none-eabi/10.3.1/../../../../arm-none-eabi/lib/thumb/v7e-m+dp/hard/libc_nano.a(lib_a-sbrkr.o)
                0x000000000800ec00                _sbrk_r
 .text.__sread  0x000000000800ec20       0x22 /Applications/STM32CubeIDE.app/Contents/Eclipse/plugins/com.st.stm32cube.ide.mcu.externaltools.gnu-tools-for-stm32.10.3-2021.10.macos64_1.0.100.202210260954/tools/bin/../lib/gcc/arm-none-eabi/10.3.1/../../../../arm-none-eabi/lib/thumb/v7e-m+dp/hard/libc_nano.a(lib_a-stdio.o)
                0x000000000800ec20                __sread
 .text.__swrite
                0x000000000800ec42       0x38 /Applications/STM32CubeIDE.app/Contents/Eclipse/plugins/com.st.stm32cube.ide.mcu.externaltools.gnu-tools-for-stm32.10.3-2021.10.macos64_1.0.100.202210260954/tools/bin/../lib/gcc/arm-none-eabi/10.3.1/../../../../arm-none-eabi/lib/thumb/v7e-m+dp/hard/libc_nano.a(lib_a-stdio.o)
                0x000000000800ec42                __swrite
 .text.__sseek  0x000000000800ec7a       0x24 /Applications/STM32CubeIDE.app/Contents/Eclipse/plugins/com.st.stm32cube.ide.mcu.externaltools.gnu-tools-for-stm32.10.3-2021.10.macos64_1.0.100.202210260954/tools/bin/../lib/gcc/arm-none-eabi/10.3.1/../../../../arm-none-eabi/lib/thumb/v7e-m+dp/hard/libc_nano.a(lib_a-stdio.o)
                0x000000000800ec7a                __sseek
 .text.__sclose
                0x000000000800ec9e        0x8 /Applications/STM32CubeIDE.app/Contents/Eclipse/plugins/com.st.stm32cube.ide.mcu.externaltools.gnu-tools-for-stm32.10.3-2021.10.macos64_1.0.100.202210260954/tools/bin/../lib/gcc/arm-none-eabi/10.3.1/../../../../arm-none-eabi/lib/thumb/v7e-m+dp/hard/libc_nano.a(lib_a-stdio.o)
                0x000000000800ec9e                __sclose
 *fill*         0x000000000800eca6        0x2 
 .text.time     0x000000000800eca8       0x34 /Applications/STM32CubeIDE.app/Contents/Eclipse/plugins/com.st.stm32cube.ide.mcu.externaltools.gnu-tools-for-stm32.10.3-2021.10.macos64_1.0.100.202210260954/tools/bin/../lib/gcc/arm-none-eabi/10.3.1/../../../../arm-none-eabi/lib/thumb/v7e-m+dp/hard/libc_nano.a(lib_a-time.o)
                0x000000000800eca8                time
 .text.__swbuf_r
                0x000000000800ecdc       0xa4 /Applications/STM32CubeIDE.app/Contents/Eclipse/plugins/com.st.stm32cube.ide.mcu.externaltools.gnu-tools-for-stm32.10.3-2021.10.macos64_1.0.100.202210260954/tools/bin/../lib/gcc/arm-none-eabi/10.3.1/../../../../arm-none-eabi/lib/thumb/v7e-m+dp/hard/libc_nano.a(lib_a-wbuf.o)
                0x000000000800ecdc                __swbuf_r
 .text._write_r
                0x000000000800ed80       0x24 /Applications/STM32CubeIDE.app/Contents/Eclipse/plugins/com.st.stm32cube.ide.mcu.externaltools.gnu-tools-for-stm32.10.3-2021.10.macos64_1.0.100.202210260954/tools/bin/../lib/gcc/arm-none-eabi/10.3.1/../../../../arm-none-eabi/lib/thumb/v7e-m+dp/hard/libc_nano.a(lib_a-writer.o)
                0x000000000800ed80                _write_r
 .text.__swsetup_r
                0x000000000800eda4       0xdc /Applications/STM32CubeIDE.app/Contents/Eclipse/plugins/com.st.stm32cube.ide.mcu.externaltools.gnu-tools-for-stm32.10.3-2021.10.macos64_1.0.100.202210260954/tools/bin/../lib/gcc/arm-none-eabi/10.3.1/../../../../arm-none-eabi/lib/thumb/v7e-m+dp/hard/libc_nano.a(lib_a-wsetup.o)
                0x000000000800eda4                __swsetup_r
 .text.__assert_func
                0x000000000800ee80       0x3c /Applications/STM32CubeIDE.app/Contents/Eclipse/plugins/com.st.stm32cube.ide.mcu.externaltools.gnu-tools-for-stm32.10.3-2021.10.macos64_1.0.100.202210260954/tools/bin/../lib/gcc/arm-none-eabi/10.3.1/../../../../arm-none-eabi/lib/thumb/v7e-m+dp/hard/libc_nano.a(lib_a-assert.o)
                0x000000000800ee80                __assert_func
 .text._close_r
                0x000000000800eebc       0x20 /Applications/STM32CubeIDE.app/Contents/Eclipse/plugins/com.st.stm32cube.ide.mcu.externaltools.gnu-tools-for-stm32.10.3-2021.10.macos64_1.0.100.202210260954/tools/bin/../lib/gcc/arm-none-eabi/10.3.1/../../../../arm-none-eabi/lib/thumb/v7e-m+dp/hard/libc_nano.a(lib_a-closer.o)
                0x000000000800eebc                _close_r
 .text.__sflush_r
                0x000000000800eedc      0x10c /Applications/STM32CubeIDE.app/Contents/Eclipse/plugins/com.st.stm32cube.ide.mcu.externaltools.gnu-tools-for-stm32.10.3-2021.10.macos64_1.0.100.202210260954/tools/bin/../lib/gcc/arm-none-eabi/10.3.1/../../../../arm-none-eabi/lib/thumb/v7e-m+dp/hard/libc_nano.a(lib_a-fflush.o)
                0x000000000800eedc                __sflush_r
 .text._fflush_r
                0x000000000800efe8       0x78 /Applications/STM32CubeIDE.app/Contents/Eclipse/plugins/com.st.stm32cube.ide.mcu.externaltools.gnu-tools-for-stm32.10.3-2021.10.macos64_1.0.100.202210260954/tools/bin/../lib/gcc/arm-none-eabi/10.3.1/../../../../arm-none-eabi/lib/thumb/v7e-m+dp/hard/libc_nano.a(lib_a-fflush.o)
                0x000000000800efe8                _fflush_r
 .text.fprintf  0x000000000800f060       0x24 /Applications/STM32CubeIDE.app/Contents/Eclipse/plugins/com.st.stm32cube.ide.mcu.externaltools.gnu-tools-for-stm32.10.3-2021.10.macos64_1.0.100.202210260954/tools/bin/../lib/gcc/arm-none-eabi/10.3.1/../../../../arm-none-eabi/lib/thumb/v7e-m+dp/hard/libc_nano.a(lib_a-fprintf.o)
                0x000000000800f060                fprintf
                0x000000000800f060                fiprintf
 .text._gettimeofday_r
                0x000000000800f084       0x24 /Applications/STM32CubeIDE.app/Contents/Eclipse/plugins/com.st.stm32cube.ide.mcu.externaltools.gnu-tools-for-stm32.10.3-2021.10.macos64_1.0.100.202210260954/tools/bin/../lib/gcc/arm-none-eabi/10.3.1/../../../../arm-none-eabi/lib/thumb/v7e-m+dp/hard/libc_nano.a(lib_a-gettimeofdayr.o)
                0x000000000800f084                _gettimeofday_r
 .text._lseek_r
                0x000000000800f0a8       0x24 /Applications/STM32CubeIDE.app/Contents/Eclipse/plugins/com.st.stm32cube.ide.mcu.externaltools.gnu-tools-for-stm32.10.3-2021.10.macos64_1.0.100.202210260954/tools/bin/../lib/gcc/arm-none-eabi/10.3.1/../../../../arm-none-eabi/lib/thumb/v7e-m+dp/hard/libc_nano.a(lib_a-lseekr.o)
                0x000000000800f0a8                _lseek_r
 .text.__swhatbuf_r
                0x000000000800f0cc       0x4a /Applications/STM32CubeIDE.app/Contents/Eclipse/plugins/com.st.stm32cube.ide.mcu.externaltools.gnu-tools-for-stm32.10.3-2021.10.macos64_1.0.100.202210260954/tools/bin/../lib/gcc/arm-none-eabi/10.3.1/../../../../arm-none-eabi/lib/thumb/v7e-m+dp/hard/libc_nano.a(lib_a-makebuf.o)
                0x000000000800f0cc                __swhatbuf_r
 *fill*         0x000000000800f116        0x2 
 .text.__smakebuf_r
                0x000000000800f118       0x80 /Applications/STM32CubeIDE.app/Contents/Eclipse/plugins/com.st.stm32cube.ide.mcu.externaltools.gnu-tools-for-stm32.10.3-2021.10.macos64_1.0.100.202210260954/tools/bin/../lib/gcc/arm-none-eabi/10.3.1/../../../../arm-none-eabi/lib/thumb/v7e-m+dp/hard/libc_nano.a(lib_a-makebuf.o)
                0x000000000800f118                __smakebuf_r
 .text.malloc   0x000000000800f198       0x10 /Applications/STM32CubeIDE.app/Contents/Eclipse/plugins/com.st.stm32cube.ide.mcu.externaltools.gnu-tools-for-stm32.10.3-2021.10.macos64_1.0.100.202210260954/tools/bin/../lib/gcc/arm-none-eabi/10.3.1/../../../../arm-none-eabi/lib/thumb/v7e-m+dp/hard/libc_nano.a(lib_a-malloc.o)
                0x000000000800f198                malloc
 .text.__malloc_lock
                0x000000000800f1a8        0xc /Applications/STM32CubeIDE.app/Contents/Eclipse/plugins/com.st.stm32cube.ide.mcu.externaltools.gnu-tools-for-stm32.10.3-2021.10.macos64_1.0.100.202210260954/tools/bin/../lib/gcc/arm-none-eabi/10.3.1/../../../../arm-none-eabi/lib/thumb/v7e-m+dp/hard/libc_nano.a(lib_a-mlock.o)
                0x000000000800f1a8                __malloc_lock
 .text.__malloc_unlock
                0x000000000800f1b4        0xc /Applications/STM32CubeIDE.app/Contents/Eclipse/plugins/com.st.stm32cube.ide.mcu.externaltools.gnu-tools-for-stm32.10.3-2021.10.macos64_1.0.100.202210260954/tools/bin/../lib/gcc/arm-none-eabi/10.3.1/../../../../arm-none-eabi/lib/thumb/v7e-m+dp/hard/libc_nano.a(lib_a-mlock.o)
                0x000000000800f1b4                __malloc_unlock
 .text._free_r  0x000000000800f1c0       0x98 /Applications/STM32CubeIDE.app/Contents/Eclipse/plugins/com.st.stm32cube.ide.mcu.externaltools.gnu-tools-for-stm32.10.3-2021.10.macos64_1.0.100.202210260954/tools/bin/../lib/gcc/arm-none-eabi/10.3.1/../../../../arm-none-eabi/lib/thumb/v7e-m+dp/hard/libc_nano.a(lib_a-nano-freer.o)
                0x000000000800f1c0                _free_r
 .text.__sfputc_r
                0x000000000800f258       0x2e /Applications/STM32CubeIDE.app/Contents/Eclipse/plugins/com.st.stm32cube.ide.mcu.externaltools.gnu-tools-for-stm32.10.3-2021.10.macos64_1.0.100.202210260954/tools/bin/../lib/gcc/arm-none-eabi/10.3.1/../../../../arm-none-eabi/lib/thumb/v7e-m+dp/hard/libc_nano.a(lib_a-nano-vfprintf.o)
 .text.__sfputs_r
                0x000000000800f286       0x24 /Applications/STM32CubeIDE.app/Contents/Eclipse/plugins/com.st.stm32cube.ide.mcu.externaltools.gnu-tools-for-stm32.10.3-2021.10.macos64_1.0.100.202210260954/tools/bin/../lib/gcc/arm-none-eabi/10.3.1/../../../../arm-none-eabi/lib/thumb/v7e-m+dp/hard/libc_nano.a(lib_a-nano-vfprintf.o)
                0x000000000800f286                __sfputs_r
 *fill*         0x000000000800f2aa        0x2 
 .text._vfprintf_r
                0x000000000800f2ac      0x260 /Applications/STM32CubeIDE.app/Contents/Eclipse/plugins/com.st.stm32cube.ide.mcu.externaltools.gnu-tools-for-stm32.10.3-2021.10.macos64_1.0.100.202210260954/tools/bin/../lib/gcc/arm-none-eabi/10.3.1/../../../../arm-none-eabi/lib/thumb/v7e-m+dp/hard/libc_nano.a(lib_a-nano-vfprintf.o)
                0x000000000800f2ac                _vfiprintf_r
                0x000000000800f2ac                _vfprintf_r
 .text._printf_common
                0x000000000800f50c       0xda /Applications/STM32CubeIDE.app/Contents/Eclipse/plugins/com.st.stm32cube.ide.mcu.externaltools.gnu-tools-for-stm32.10.3-2021.10.macos64_1.0.100.202210260954/tools/bin/../lib/gcc/arm-none-eabi/10.3.1/../../../../arm-none-eabi/lib/thumb/v7e-m+dp/hard/libc_nano.a(lib_a-nano-vfprintf_i.o)
                0x000000000800f50c                _printf_common
 *fill*         0x000000000800f5e6        0x2 
 .text._printf_i
                0x000000000800f5e8      0x24c /Applications/STM32CubeIDE.app/Contents/Eclipse/plugins/com.st.stm32cube.ide.mcu.externaltools.gnu-tools-for-stm32.10.3-2021.10.macos64_1.0.100.202210260954/tools/bin/../lib/gcc/arm-none-eabi/10.3.1/../../../../arm-none-eabi/lib/thumb/v7e-m+dp/hard/libc_nano.a(lib_a-nano-vfprintf_i.o)
                0x000000000800f5e8                _printf_i
 .text._read_r  0x000000000800f834       0x24 /Applications/STM32CubeIDE.app/Contents/Eclipse/plugins/com.st.stm32cube.ide.mcu.externaltools.gnu-tools-for-stm32.10.3-2021.10.macos64_1.0.100.202210260954/tools/bin/../lib/gcc/arm-none-eabi/10.3.1/../../../../arm-none-eabi/lib/thumb/v7e-m+dp/hard/libc_nano.a(lib_a-readr.o)
                0x000000000800f834                _read_r
 .text.abort    0x000000000800f858        0xe /Applications/STM32CubeIDE.app/Contents/Eclipse/plugins/com.st.stm32cube.ide.mcu.externaltools.gnu-tools-for-stm32.10.3-2021.10.macos64_1.0.100.202210260954/tools/bin/../lib/gcc/arm-none-eabi/10.3.1/../../../../arm-none-eabi/lib/thumb/v7e-m+dp/hard/libc_nano.a(lib_a-abort.o)
                0x000000000800f858                abort
 *fill*         0x000000000800f866        0x2 
 .text._fstat_r
                0x000000000800f868       0x24 /Applications/STM32CubeIDE.app/Contents/Eclipse/plugins/com.st.stm32cube.ide.mcu.externaltools.gnu-tools-for-stm32.10.3-2021.10.macos64_1.0.100.202210260954/tools/bin/../lib/gcc/arm-none-eabi/10.3.1/../../../../arm-none-eabi/lib/thumb/v7e-m+dp/hard/libc_nano.a(lib_a-fstatr.o)
                0x000000000800f868                _fstat_r
 .text._isatty_r
                0x000000000800f88c       0x20 /Applications/STM32CubeIDE.app/Contents/Eclipse/plugins/com.st.stm32cube.ide.mcu.externaltools.gnu-tools-for-stm32.10.3-2021.10.macos64_1.0.100.202210260954/tools/bin/../lib/gcc/arm-none-eabi/10.3.1/../../../../arm-none-eabi/lib/thumb/v7e-m+dp/hard/libc_nano.a(lib_a-isattyr.o)
                0x000000000800f88c                _isatty_r
 .text._raise_r
                0x000000000800f8ac       0x50 /Applications/STM32CubeIDE.app/Contents/Eclipse/plugins/com.st.stm32cube.ide.mcu.externaltools.gnu-tools-for-stm32.10.3-2021.10.macos64_1.0.100.202210260954/tools/bin/../lib/gcc/arm-none-eabi/10.3.1/../../../../arm-none-eabi/lib/thumb/v7e-m+dp/hard/libc_nano.a(lib_a-signal.o)
                0x000000000800f8ac                _raise_r
 .text.raise    0x000000000800f8fc       0x10 /Applications/STM32CubeIDE.app/Contents/Eclipse/plugins/com.st.stm32cube.ide.mcu.externaltools.gnu-tools-for-stm32.10.3-2021.10.macos64_1.0.100.202210260954/tools/bin/../lib/gcc/arm-none-eabi/10.3.1/../../../../arm-none-eabi/lib/thumb/v7e-m+dp/hard/libc_nano.a(lib_a-signal.o)
                0x000000000800f8fc                raise
 .text._kill_r  0x000000000800f90c       0x24 /Applications/STM32CubeIDE.app/Contents/Eclipse/plugins/com.st.stm32cube.ide.mcu.externaltools.gnu-tools-for-stm32.10.3-2021.10.macos64_1.0.100.202210260954/tools/bin/../lib/gcc/arm-none-eabi/10.3.1/../../../../arm-none-eabi/lib/thumb/v7e-m+dp/hard/libc_nano.a(lib_a-signalr.o)
                0x000000000800f90c                _kill_r
 .text._getpid_r
                0x000000000800f930        0x4 /Applications/STM32CubeIDE.app/Contents/Eclipse/plugins/com.st.stm32cube.ide.mcu.externaltools.gnu-tools-for-stm32.10.3-2021.10.macos64_1.0.100.202210260954/tools/bin/../lib/gcc/arm-none-eabi/10.3.1/../../../../arm-none-eabi/lib/thumb/v7e-m+dp/hard/libc_nano.a(lib_a-signalr.o)
                0x000000000800f930                _getpid_r
 .text._gettimeofday
                0x000000000800f934       0x10 /Applications/STM32CubeIDE.app/Contents/Eclipse/plugins/com.st.stm32cube.ide.mcu.externaltools.gnu-tools-for-stm32.10.3-2021.10.macos64_1.0.100.202210260954/tools/bin/../lib/gcc/arm-none-eabi/10.3.1/../../../../arm-none-eabi/lib/thumb/v7e-m+dp/hard/libnosys.a(gettod.o)
                0x000000000800f934                _gettimeofday
 *(.glue_7)
 .glue_7        0x000000000800f944        0x0 linker stubs
 *(.glue_7t)
 .glue_7t       0x000000000800f944        0x0 linker stubs
 *(.eh_frame)
 .eh_frame      0x000000000800f944        0x0 /Applications/STM32CubeIDE.app/Contents/Eclipse/plugins/com.st.stm32cube.ide.mcu.externaltools.gnu-tools-for-stm32.10.3-2021.10.macos64_1.0.100.202210260954/tools/bin/../lib/gcc/arm-none-eabi/10.3.1/thumb/v7e-m+dp/hard/crtbegin.o
 *(.init)
 .init          0x000000000800f944        0x4 /Applications/STM32CubeIDE.app/Contents/Eclipse/plugins/com.st.stm32cube.ide.mcu.externaltools.gnu-tools-for-stm32.10.3-2021.10.macos64_1.0.100.202210260954/tools/bin/../lib/gcc/arm-none-eabi/10.3.1/thumb/v7e-m+dp/hard/crti.o
                0x000000000800f944                _init
 .init          0x000000000800f948        0x8 /Applications/STM32CubeIDE.app/Contents/Eclipse/plugins/com.st.stm32cube.ide.mcu.externaltools.gnu-tools-for-stm32.10.3-2021.10.macos64_1.0.100.202210260954/tools/bin/../lib/gcc/arm-none-eabi/10.3.1/thumb/v7e-m+dp/hard/crtn.o
 *(.fini)
 .fini          0x000000000800f950        0x4 /Applications/STM32CubeIDE.app/Contents/Eclipse/plugins/com.st.stm32cube.ide.mcu.externaltools.gnu-tools-for-stm32.10.3-2021.10.macos64_1.0.100.202210260954/tools/bin/../lib/gcc/arm-none-eabi/10.3.1/thumb/v7e-m+dp/hard/crti.o
                0x000000000800f950                _fini